2026-10-01 17:38:31 início rodada 3b (E2, E3)
/home/marchi/financial_ai_project/code/b3_data/qid/auditoria_qidres/rodada3b_robustez.py:94: FutureWarning: DataFrameGroupBy.apply operated on the grouping columns. This behavior is deprecated, and in a future version of pandas the grouping columns will be excluded from the operation. Either pass `include_groups=False` to exclude the groupings or explicitly select the grouping columns after groupby to silence this warning.
  ga = A.groupby(["dia", "bloco"]).apply(lambda g: pd.Series({"A": _wavg(g, f"PI_{h}"), "nA": len(g)}))
/home/marchi/financial_ai_project/code/b3_data/qid/auditoria_qidres/rodada3b_robustez.py:95: FutureWarning: DataFrameGroupBy.apply operated on the grouping columns. This behavior is deprecated, and in a future version of pandas the grouping columns will be excluded from the operation. Either pass `include_groups=False` to exclude the groupings or explicitly select the grouping columns after groupby to silence this warning.
  gb = Bm.groupby(["dia", "bloco"]).apply(lambda g: pd.Series({"B": _wavg(g, f"PI_{h}"), "nB": len(g)}))
/home/marchi/financial_ai_project/code/b3_data/qid/auditoria_qidres/rodada3b_robustez.py:94: FutureWarning: DataFrameGroupBy.apply operated on the grouping columns. This behavior is deprecated, and in a future version of pandas the grouping columns will be excluded from the operation. Either pass `include_groups=False` to exclude the groupings or explicitly select the grouping columns after groupby to silence this warning.
  ga = A.groupby(["dia", "bloco"]).apply(lambda g: pd.Series({"A": _wavg(g, f"PI_{h}"), "nA": len(g)}))
/home/marchi/financial_ai_project/code/b3_data/qid/auditoria_qidres/rodada3b_robustez.py:95: FutureWarning: DataFrameGroupBy.apply operated on the grouping columns. This behavior is deprecated, and in a future version of pandas the grouping columns will be excluded from the operation. Either pass `include_groups=False` to exclude the groupings or explicitly select the grouping columns after groupby to silence this warning.
  gb = Bm.groupby(["dia", "bloco"]).apply(lambda g: pd.Series({"B": _wavg(g, f"PI_{h}"), "nB": len(g)}))
/home/marchi/financial_ai_project/code/b3_data/qid/auditoria_qidres/rodada3b_robustez.py:94: FutureWarning: DataFrameGroupBy.apply operated on the grouping columns. This behavior is deprecated, and in a future version of pandas the grouping columns will be excluded from the operation. Either pass `include_groups=False` to exclude the groupings or explicitly select the grouping columns after groupby to silence this warning.
  ga = A.groupby(["dia", "bloco"]).apply(lambda g: pd.Series({"A": _wavg(g, f"PI_{h}"), "nA": len(g)}))
/home/marchi/financial_ai_project/code/b3_data/qid/auditoria_qidres/rodada3b_robustez.py:95: FutureWarning: DataFrameGroupBy.apply operated on the grouping columns. This behavior is deprecated, and in a future version of pandas the grouping columns will be excluded from the operation. Either pass `include_groups=False` to exclude the groupings or explicitly select the grouping columns after groupby to silence this warning.
  gb = Bm.groupby(["dia", "bloco"]).apply(lambda g: pd.Series({"B": _wavg(g, f"PI_{h}"), "nB": len(g)}))
/home/marchi/financial_ai_project/code/b3_data/qid/auditoria_qidres/rodada3b_robustez.py:94: FutureWarning: DataFrameGroupBy.apply operated on the grouping columns. This behavior is deprecated, and in a future version of pandas the grouping columns will be excluded from the operation. Either pass `include_groups=False` to exclude the groupings or explicitly select the grouping columns after groupby to silence this warning.
  ga = A.groupby(["dia", "bloco"]).apply(lambda g: pd.Series({"A": _wavg(g, f"PI_{h}"), "nA": len(g)}))
/home/marchi/financial_ai_project/code/b3_data/qid/auditoria_qidres/rodada3b_robustez.py:95: FutureWarning: DataFrameGroupBy.apply operated on the grouping columns. This behavior is deprecated, and in a future version of pandas the grouping columns will be excluded from the operation. Either pass `include_groups=False` to exclude the groupings or explicitly select the grouping columns after groupby to silence this warning.
  gb = Bm.groupby(["dia", "bloco"]).apply(lambda g: pd.Series({"B": _wavg(g, f"PI_{h}"), "nB": len(g)}))
/home/marchi/financial_ai_project/code/b3_data/qid/auditoria_qidres/rodada3b_robustez.py:94: FutureWarning: DataFrameGroupBy.apply operated on the grouping columns. This behavior is deprecated, and in a future version of pandas the grouping columns will be excluded from the operation. Either pass `include_groups=False` to exclude the groupings or explicitly select the grouping columns after groupby to silence this warning.
  ga = A.groupby(["dia", "bloco"]).apply(lambda g: pd.Series({"A": _wavg(g, f"PI_{h}"), "nA": len(g)}))
/home/marchi/financial_ai_project/code/b3_data/qid/auditoria_qidres/rodada3b_robustez.py:95: FutureWarning: DataFrameGroupBy.apply operated on the grouping columns. This behavior is deprecated, and in a future version of pandas the grouping columns will be excluded from the operation. Either pass `include_groups=False` to exclude the groupings or explicitly select the grouping columns after groupby to silence this warning.
  gb = Bm.groupby(["dia", "bloco"]).apply(lambda g: pd.Series({"B": _wavg(g, f"PI_{h}"), "nB": len(g)}))
/home/marchi/financial_ai_project/code/b3_data/qid/auditoria_qidres/rodada3b_robustez.py:94: FutureWarning: DataFrameGroupBy.apply operated on the grouping columns. This behavior is deprecated, and in a future version of pandas the grouping columns will be excluded from the operation. Either pass `include_groups=False` to exclude the groupings or explicitly select the grouping columns after groupby to silence this warning.
  ga = A.groupby(["dia", "bloco"]).apply(lambda g: pd.Series({"A": _wavg(g, f"PI_{h}"), "nA": len(g)}))
/home/marchi/financial_ai_project/code/b3_data/qid/auditoria_qidres/rodada3b_robustez.py:95: FutureWarning: DataFrameGroupBy.apply operated on the grouping columns. This behavior is deprecated, and in a future version of pandas the grouping columns will be excluded from the operation. Either pass `include_groups=False` to exclude the groupings or explicitly select the grouping columns after groupby to silence this warning.
  gb = Bm.groupby(["dia", "bloco"]).apply(lambda g: pd.Series({"B": _wavg(g, f"PI_{h}"), "nB": len(g)}))
/home/marchi/financial_ai_project/code/b3_data/qid/auditoria_qidres/rodada3b_robustez.py:111: FutureWarning: DataFrameGroupBy.apply operated on the grouping columns. This behavior is deprecated, and in a future version of pandas the grouping columns will be excluded from the operation. Either pass `include_groups=False` to exclude the groupings or explicitly select the grouping columns after groupby to silence this warning.
  s = v.groupby(["dia", "bloco"]).apply(lambda g: pd.Series({"AS": _wavg(g, f"PI_{h}"), "n": len(g)})).reset_index()
/home/marchi/financial_ai_project/code/b3_data/qid/auditoria_qidres/rodada3b_robustez.py:111: FutureWarning: DataFrameGroupBy.apply operated on the grouping columns. This behavior is deprecated, and in a future version of pandas the grouping columns will be excluded from the operation. Either pass `include_groups=False` to exclude the groupings or explicitly select the grouping columns after groupby to silence this warning.
  s = v.groupby(["dia", "bloco"]).apply(lambda g: pd.Series({"AS": _wavg(g, f"PI_{h}"), "n": len(g)})).reset_index()
/home/marchi/financial_ai_project/code/b3_data/qid/auditoria_qidres/rodada3b_robustez.py:111: FutureWarning: DataFrameGroupBy.apply operated on the grouping columns. This behavior is deprecated, and in a future version of pandas the grouping columns will be excluded from the operation. Either pass `include_groups=False` to exclude the groupings or explicitly select the grouping columns after groupby to silence this warning.
  s = v.groupby(["dia", "bloco"]).apply(lambda g: pd.Series({"AS": _wavg(g, f"PI_{h}"), "n": len(g)})).reset_index()
/home/marchi/financial_ai_project/code/b3_data/qid/auditoria_qidres/rodada3b_robustez.py:94: FutureWarning: DataFrameGroupBy.apply operated on the grouping columns. This behavior is deprecated, and in a future version of pandas the grouping columns will be excluded from the operation. Either pass `include_groups=False` to exclude the groupings or explicitly select the grouping columns after groupby to silence this warning.
  ga = A.groupby(["dia", "bloco"]).apply(lambda g: pd.Series({"A": _wavg(g, f"PI_{h}"), "nA": len(g)}))
/home/marchi/financial_ai_project/code/b3_data/qid/auditoria_qidres/rodada3b_robustez.py:95: FutureWarning: DataFrameGroupBy.apply operated on the grouping columns. This behavior is deprecated, and in a future version of pandas the grouping columns will be excluded from the operation. Either pass `include_groups=False` to exclude the groupings or explicitly select the grouping columns after groupby to silence this warning.
  gb = Bm.groupby(["dia", "bloco"]).apply(lambda g: pd.Series({"B": _wavg(g, f"PI_{h}"), "nB": len(g)}))
/home/marchi/financial_ai_project/code/b3_data/qid/auditoria_qidres/rodada3b_robustez.py:94: FutureWarning: DataFrameGroupBy.apply operated on the grouping columns. This behavior is deprecated, and in a future version of pandas the grouping columns will be excluded from the operation. Either pass `include_groups=False` to exclude the groupings or explicitly select the grouping columns after groupby to silence this warning.
  ga = A.groupby(["dia", "bloco"]).apply(lambda g: pd.Series({"A": _wavg(g, f"PI_{h}"), "nA": len(g)}))
/home/marchi/financial_ai_project/code/b3_data/qid/auditoria_qidres/rodada3b_robustez.py:95: FutureWarning: DataFrameGroupBy.apply operated on the grouping columns. This behavior is deprecated, and in a future version of pandas the grouping columns will be excluded from the operation. Either pass `include_groups=False` to exclude the groupings or explicitly select the grouping columns after groupby to silence this warning.
  gb = Bm.groupby(["dia", "bloco"]).apply(lambda g: pd.Series({"B": _wavg(g, f"PI_{h}"), "nB": len(g)}))
/home/marchi/financial_ai_project/code/b3_data/qid/auditoria_qidres/rodada3b_robustez.py:94: FutureWarning: DataFrameGroupBy.apply operated on the grouping columns. This behavior is deprecated, and in a future version of pandas the grouping columns will be excluded from the operation. Either pass `include_groups=False` to exclude the groupings or explicitly select the grouping columns after groupby to silence this warning.
  ga = A.groupby(["dia", "bloco"]).apply(lambda g: pd.Series({"A": _wavg(g, f"PI_{h}"), "nA": len(g)}))
/home/marchi/financial_ai_project/code/b3_data/qid/auditoria_qidres/rodada3b_robustez.py:95: FutureWarning: DataFrameGroupBy.apply operated on the grouping columns. This behavior is deprecated, and in a future version of pandas the grouping columns will be excluded from the operation. Either pass `include_groups=False` to exclude the groupings or explicitly select the grouping columns after groupby to silence this warning.
  gb = Bm.groupby(["dia", "bloco"]).apply(lambda g: pd.Series({"B": _wavg(g, f"PI_{h}"), "nB": len(g)}))
/home/marchi/financial_ai_project/code/b3_data/qid/auditoria_qidres/rodada3b_robustez.py:94: FutureWarning: DataFrameGroupBy.apply operated on the grouping columns. This behavior is deprecated, and in a future version of pandas the grouping columns will be excluded from the operation. Either pass `include_groups=False` to exclude the groupings or explicitly select the grouping columns after groupby to silence this warning.
  ga = A.groupby(["dia", "bloco"]).apply(lambda g: pd.Series({"A": _wavg(g, f"PI_{h}"), "nA": len(g)}))
/home/marchi/financial_ai_project/code/b3_data/qid/auditoria_qidres/rodada3b_robustez.py:95: FutureWarning: DataFrameGroupBy.apply operated on the grouping columns. This behavior is deprecated, and in a future version of pandas the grouping columns will be excluded from the operation. Either pass `include_groups=False` to exclude the groupings or explicitly select the grouping columns after groupby to silence this warning.
  gb = Bm.groupby(["dia", "bloco"]).apply(lambda g: pd.Series({"B": _wavg(g, f"PI_{h}"), "nB": len(g)}))
/home/marchi/financial_ai_project/code/b3_data/qid/auditoria_qidres/rodada3b_robustez.py:94: FutureWarning: DataFrameGroupBy.apply operated on the grouping columns. This behavior is deprecated, and in a future version of pandas the grouping columns will be excluded from the operation. Either pass `include_groups=False` to exclude the groupings or explicitly select the grouping columns after groupby to silence this warning.
  ga = A.groupby(["dia", "bloco"]).apply(lambda g: pd.Series({"A": _wavg(g, f"PI_{h}"), "nA": len(g)}))
/home/marchi/financial_ai_project/code/b3_data/qid/auditoria_qidres/rodada3b_robustez.py:95: FutureWarning: DataFrameGroupBy.apply operated on the grouping columns. This behavior is deprecated, and in a future version of pandas the grouping columns will be excluded from the operation. Either pass `include_groups=False` to exclude the groupings or explicitly select the grouping columns after groupby to silence this warning.
  gb = Bm.groupby(["dia", "bloco"]).apply(lambda g: pd.Series({"B": _wavg(g, f"PI_{h}"), "nB": len(g)}))
/home/marchi/financial_ai_project/code/b3_data/qid/auditoria_qidres/rodada3b_robustez.py:94: FutureWarning: DataFrameGroupBy.apply operated on the grouping columns. This behavior is deprecated, and in a future version of pandas the grouping columns will be excluded from the operation. Either pass `include_groups=False` to exclude the groupings or explicitly select the grouping columns after groupby to silence this warning.
  ga = A.groupby(["dia", "bloco"]).apply(lambda g: pd.Series({"A": _wavg(g, f"PI_{h}"), "nA": len(g)}))
/home/marchi/financial_ai_project/code/b3_data/qid/auditoria_qidres/rodada3b_robustez.py:95: FutureWarning: DataFrameGroupBy.apply operated on the grouping columns. This behavior is deprecated, and in a future version of pandas the grouping columns will be excluded from the operation. Either pass `include_groups=False` to exclude the groupings or explicitly select the grouping columns after groupby to silence this warning.
  gb = Bm.groupby(["dia", "bloco"]).apply(lambda g: pd.Series({"B": _wavg(g, f"PI_{h}"), "nB": len(g)}))
/home/marchi/financial_ai_project/code/b3_data/qid/auditoria_qidres/rodada3b_robustez.py:111: FutureWarning: DataFrameGroupBy.apply operated on the grouping columns. This behavior is deprecated, and in a future version of pandas the grouping columns will be excluded from the operation. Either pass `include_groups=False` to exclude the groupings or explicitly select the grouping columns after groupby to silence this warning.
  s = v.groupby(["dia", "bloco"]).apply(lambda g: pd.Series({"AS": _wavg(g, f"PI_{h}"), "n": len(g)})).reset_index()
/home/marchi/financial_ai_project/code/b3_data/qid/auditoria_qidres/rodada3b_robustez.py:111: FutureWarning: DataFrameGroupBy.apply operated on the grouping columns. This behavior is deprecated, and in a future version of pandas the grouping columns will be excluded from the operation. Either pass `include_groups=False` to exclude the groupings or explicitly select the grouping columns after groupby to silence this warning.
  s = v.groupby(["dia", "bloco"]).apply(lambda g: pd.Series({"AS": _wavg(g, f"PI_{h}"), "n": len(g)})).reset_index()
/home/marchi/financial_ai_project/code/b3_data/qid/auditoria_qidres/rodada3b_robustez.py:111: FutureWarning: DataFrameGroupBy.apply operated on the grouping columns. This behavior is deprecated, and in a future version of pandas the grouping columns will be excluded from the operation. Either pass `include_groups=False` to exclude the groupings or explicitly select the grouping columns after groupby to silence this warning.
  s = v.groupby(["dia", "bloco"]).apply(lambda g: pd.Series({"AS": _wavg(g, f"PI_{h}"), "n": len(g)})).reset_index()
/home/marchi/financial_ai_project/code/b3_data/qid/auditoria_qidres/rodada3b_robustez.py:94: FutureWarning: DataFrameGroupBy.apply operated on the grouping columns. This behavior is deprecated, and in a future version of pandas the grouping columns will be excluded from the operation. Either pass `include_groups=False` to exclude the groupings or explicitly select the grouping columns after groupby to silence this warning.
  ga = A.groupby(["dia", "bloco"]).apply(lambda g: pd.Series({"A": _wavg(g, f"PI_{h}"), "nA": len(g)}))
/home/marchi/financial_ai_project/code/b3_data/qid/auditoria_qidres/rodada3b_robustez.py:95: FutureWarning: DataFrameGroupBy.apply operated on the grouping columns. This behavior is deprecated, and in a future version of pandas the grouping columns will be excluded from the operation. Either pass `include_groups=False` to exclude the groupings or explicitly select the grouping columns after groupby to silence this warning.
  gb = Bm.groupby(["dia", "bloco"]).apply(lambda g: pd.Series({"B": _wavg(g, f"PI_{h}"), "nB": len(g)}))
/home/marchi/financial_ai_project/code/b3_data/qid/auditoria_qidres/rodada3b_robustez.py:94: FutureWarning: DataFrameGroupBy.apply operated on the grouping columns. This behavior is deprecated, and in a future version of pandas the grouping columns will be excluded from the operation. Either pass `include_groups=False` to exclude the groupings or explicitly select the grouping columns after groupby to silence this warning.
  ga = A.groupby(["dia", "bloco"]).apply(lambda g: pd.Series({"A": _wavg(g, f"PI_{h}"), "nA": len(g)}))
/home/marchi/financial_ai_project/code/b3_data/qid/auditoria_qidres/rodada3b_robustez.py:95: FutureWarning: DataFrameGroupBy.apply operated on the grouping columns. This behavior is deprecated, and in a future version of pandas the grouping columns will be excluded from the operation. Either pass `include_groups=False` to exclude the groupings or explicitly select the grouping columns after groupby to silence this warning.
  gb = Bm.groupby(["dia", "bloco"]).apply(lambda g: pd.Series({"B": _wavg(g, f"PI_{h}"), "nB": len(g)}))
/home/marchi/financial_ai_project/code/b3_data/qid/auditoria_qidres/rodada3b_robustez.py:94: FutureWarning: DataFrameGroupBy.apply operated on the grouping columns. This behavior is deprecated, and in a future version of pandas the grouping columns will be excluded from the operation. Either pass `include_groups=False` to exclude the groupings or explicitly select the grouping columns after groupby to silence this warning.
  ga = A.groupby(["dia", "bloco"]).apply(lambda g: pd.Series({"A": _wavg(g, f"PI_{h}"), "nA": len(g)}))
/home/marchi/financial_ai_project/code/b3_data/qid/auditoria_qidres/rodada3b_robustez.py:95: FutureWarning: DataFrameGroupBy.apply operated on the grouping columns. This behavior is deprecated, and in a future version of pandas the grouping columns will be excluded from the operation. Either pass `include_groups=False` to exclude the groupings or explicitly select the grouping columns after groupby to silence this warning.
  gb = Bm.groupby(["dia", "bloco"]).apply(lambda g: pd.Series({"B": _wavg(g, f"PI_{h}"), "nB": len(g)}))
/home/marchi/financial_ai_project/code/b3_data/qid/auditoria_qidres/rodada3b_robustez.py:94: FutureWarning: DataFrameGroupBy.apply operated on the grouping columns. This behavior is deprecated, and in a future version of pandas the grouping columns will be excluded from the operation. Either pass `include_groups=False` to exclude the groupings or explicitly select the grouping columns after groupby to silence this warning.
  ga = A.groupby(["dia", "bloco"]).apply(lambda g: pd.Series({"A": _wavg(g, f"PI_{h}"), "nA": len(g)}))
/home/marchi/financial_ai_project/code/b3_data/qid/auditoria_qidres/rodada3b_robustez.py:95: FutureWarning: DataFrameGroupBy.apply operated on the grouping columns. This behavior is deprecated, and in a future version of pandas the grouping columns will be excluded from the operation. Either pass `include_groups=False` to exclude the groupings or explicitly select the grouping columns after groupby to silence this warning.
  gb = Bm.groupby(["dia", "bloco"]).apply(lambda g: pd.Series({"B": _wavg(g, f"PI_{h}"), "nB": len(g)}))
/home/marchi/financial_ai_project/code/b3_data/qid/auditoria_qidres/rodada3b_robustez.py:94: FutureWarning: DataFrameGroupBy.apply operated on the grouping columns. This behavior is deprecated, and in a future version of pandas the grouping columns will be excluded from the operation. Either pass `include_groups=False` to exclude the groupings or explicitly select the grouping columns after groupby to silence this warning.
  ga = A.groupby(["dia", "bloco"]).apply(lambda g: pd.Series({"A": _wavg(g, f"PI_{h}"), "nA": len(g)}))
/home/marchi/financial_ai_project/code/b3_data/qid/auditoria_qidres/rodada3b_robustez.py:95: FutureWarning: DataFrameGroupBy.apply operated on the grouping columns. This behavior is deprecated, and in a future version of pandas the grouping columns will be excluded from the operation. Either pass `include_groups=False` to exclude the groupings or explicitly select the grouping columns after groupby to silence this warning.
  gb = Bm.groupby(["dia", "bloco"]).apply(lambda g: pd.Series({"B": _wavg(g, f"PI_{h}"), "nB": len(g)}))
/home/marchi/financial_ai_project/code/b3_data/qid/auditoria_qidres/rodada3b_robustez.py:94: FutureWarning: DataFrameGroupBy.apply operated on the grouping columns. This behavior is deprecated, and in a future version of pandas the grouping columns will be excluded from the operation. Either pass `include_groups=False` to exclude the groupings or explicitly select the grouping columns after groupby to silence this warning.
  ga = A.groupby(["dia", "bloco"]).apply(lambda g: pd.Series({"A": _wavg(g, f"PI_{h}"), "nA": len(g)}))
/home/marchi/financial_ai_project/code/b3_data/qid/auditoria_qidres/rodada3b_robustez.py:95: FutureWarning: DataFrameGroupBy.apply operated on the grouping columns. This behavior is deprecated, and in a future version of pandas the grouping columns will be excluded from the operation. Either pass `include_groups=False` to exclude the groupings or explicitly select the grouping columns after groupby to silence this warning.
  gb = Bm.groupby(["dia", "bloco"]).apply(lambda g: pd.Series({"B": _wavg(g, f"PI_{h}"), "nB": len(g)}))
/home/marchi/financial_ai_project/code/b3_data/qid/auditoria_qidres/rodada3b_robustez.py:111: FutureWarning: DataFrameGroupBy.apply operated on the grouping columns. This behavior is deprecated, and in a future version of pandas the grouping columns will be excluded from the operation. Either pass `include_groups=False` to exclude the groupings or explicitly select the grouping columns after groupby to silence this warning.
  s = v.groupby(["dia", "bloco"]).apply(lambda g: pd.Series({"AS": _wavg(g, f"PI_{h}"), "n": len(g)})).reset_index()
/home/marchi/financial_ai_project/code/b3_data/qid/auditoria_qidres/rodada3b_robustez.py:111: FutureWarning: DataFrameGroupBy.apply operated on the grouping columns. This behavior is deprecated, and in a future version of pandas the grouping columns will be excluded from the operation. Either pass `include_groups=False` to exclude the groupings or explicitly select the grouping columns after groupby to silence this warning.
  s = v.groupby(["dia", "bloco"]).apply(lambda g: pd.Series({"AS": _wavg(g, f"PI_{h}"), "n": len(g)})).reset_index()
/home/marchi/financial_ai_project/code/b3_data/qid/auditoria_qidres/rodada3b_robustez.py:111: FutureWarning: DataFrameGroupBy.apply operated on the grouping columns. This behavior is deprecated, and in a future version of pandas the grouping columns will be excluded from the operation. Either pass `include_groups=False` to exclude the groupings or explicitly select the grouping columns after groupby to silence this warning.
  s = v.groupby(["dia", "bloco"]).apply(lambda g: pd.Series({"AS": _wavg(g, f"PI_{h}"), "n": len(g)})).reset_index()
/home/marchi/financial_ai_project/code/b3_data/qid/auditoria_qidres/rodada3b_robustez.py:151: FutureWarning: DataFrameGroupBy.apply operated on the grouping columns. This behavior is deprecated, and in a future version of pandas the grouping columns will be excluded from the operation. Either pass `include_groups=False` to exclude the groupings or explicitly select the grouping columns after groupby to silence this warning.
  p = p.merge(v.groupby("bloco").apply(lambda x: _wavg(x, f"PI_{h}")).rename(f"AS_{h}").reset_index(),
/home/marchi/financial_ai_project/code/b3_data/qid/auditoria_qidres/rodada3b_robustez.py:151: FutureWarning: DataFrameGroupBy.apply operated on the grouping columns. This behavior is deprecated, and in a future version of pandas the grouping columns will be excluded from the operation. Either pass `include_groups=False` to exclude the groupings or explicitly select the grouping columns after groupby to silence this warning.
  p = p.merge(v.groupby("bloco").apply(lambda x: _wavg(x, f"PI_{h}")).rename(f"AS_{h}").reset_index(),
/home/marchi/financial_ai_project/code/b3_data/qid/auditoria_qidres/rodada3b_robustez.py:151: FutureWarning: DataFrameGroupBy.apply operated on the grouping columns. This behavior is deprecated, and in a future version of pandas the grouping columns will be excluded from the operation. Either pass `include_groups=False` to exclude the groupings or explicitly select the grouping columns after groupby to silence this warning.
  p = p.merge(v.groupby("bloco").apply(lambda x: _wavg(x, f"PI_{h}")).rename(f"AS_{h}").reset_index(),
/home/marchi/financial_ai_project/code/b3_data/qid/auditoria_qidres/rodada3b_robustez.py:151: FutureWarning: DataFrameGroupBy.apply operated on the grouping columns. This behavior is deprecated, and in a future version of pandas the grouping columns will be excluded from the operation. Either pass `include_groups=False` to exclude the groupings or explicitly select the grouping columns after groupby to silence this warning.
  p = p.merge(v.groupby("bloco").apply(lambda x: _wavg(x, f"PI_{h}")).rename(f"AS_{h}").reset_index(),
/home/marchi/financial_ai_project/code/b3_data/qid/auditoria_qidres/rodada3b_robustez.py:151: FutureWarning: DataFrameGroupBy.apply operated on the grouping columns. This behavior is deprecated, and in a future version of pandas the grouping columns will be excluded from the operation. Either pass `include_groups=False` to exclude the groupings or explicitly select the grouping columns after groupby to silence this warning.
  p = p.merge(v.groupby("bloco").apply(lambda x: _wavg(x, f"PI_{h}")).rename(f"AS_{h}").reset_index(),
/home/marchi/financial_ai_project/code/b3_data/qid/auditoria_qidres/rodada3b_robustez.py:151: FutureWarning: DataFrameGroupBy.apply operated on the grouping columns. This behavior is deprecated, and in a future version of pandas the grouping columns will be excluded from the operation. Either pass `include_groups=False` to exclude the groupings or explicitly select the grouping columns after groupby to silence this warning.
  p = p.merge(v.groupby("bloco").apply(lambda x: _wavg(x, f"PI_{h}")).rename(f"AS_{h}").reset_index(),
/home/marchi/financial_ai_project/code/b3_data/qid/auditoria_qidres/rodada3b_robustez.py:151: FutureWarning: DataFrameGroupBy.apply operated on the grouping columns. This behavior is deprecated, and in a future version of pandas the grouping columns will be excluded from the operation. Either pass `include_groups=False` to exclude the groupings or explicitly select the grouping columns after groupby to silence this warning.
  p = p.merge(v.groupby("bloco").apply(lambda x: _wavg(x, f"PI_{h}")).rename(f"AS_{h}").reset_index(),
/home/marchi/financial_ai_project/code/b3_data/qid/auditoria_qidres/rodada3b_robustez.py:151: FutureWarning: DataFrameGroupBy.apply operated on the grouping columns. This behavior is deprecated, and in a future version of pandas the grouping columns will be excluded from the operation. Either pass `include_groups=False` to exclude the groupings or explicitly select the grouping columns after groupby to silence this warning.
  p = p.merge(v.groupby("bloco").apply(lambda x: _wavg(x, f"PI_{h}")).rename(f"AS_{h}").reset_index(),
/home/marchi/financial_ai_project/code/b3_data/qid/auditoria_qidres/rodada3b_robustez.py:151: FutureWarning: DataFrameGroupBy.apply operated on the grouping columns. This behavior is deprecated, and in a future version of pandas the grouping columns will be excluded from the operation. Either pass `include_groups=False` to exclude the groupings or explicitly select the grouping columns after groupby to silence this warning.
  p = p.merge(v.groupby("bloco").apply(lambda x: _wavg(x, f"PI_{h}")).rename(f"AS_{h}").reset_index(),
/home/marchi/financial_ai_project/code/b3_data/qid/auditoria_qidres/rodada3b_robustez.py:151: FutureWarning: DataFrameGroupBy.apply operated on the grouping columns. This behavior is deprecated, and in a future version of pandas the grouping columns will be excluded from the operation. Either pass `include_groups=False` to exclude the groupings or explicitly select the grouping columns after groupby to silence this warning.
  p = p.merge(v.groupby("bloco").apply(lambda x: _wavg(x, f"PI_{h}")).rename(f"AS_{h}").reset_index(),
/home/marchi/financial_ai_project/code/b3_data/qid/auditoria_qidres/rodada3b_robustez.py:151: FutureWarning: DataFrameGroupBy.apply operated on the grouping columns. This behavior is deprecated, and in a future version of pandas the grouping columns will be excluded from the operation. Either pass `include_groups=False` to exclude the groupings or explicitly select the grouping columns after groupby to silence this warning.
  p = p.merge(v.groupby("bloco").apply(lambda x: _wavg(x, f"PI_{h}")).rename(f"AS_{h}").reset_index(),
/home/marchi/financial_ai_project/code/b3_data/qid/auditoria_qidres/rodada3b_robustez.py:151: FutureWarning: DataFrameGroupBy.apply operated on the grouping columns. This behavior is deprecated, and in a future version of pandas the grouping columns will be excluded from the operation. Either pass `include_groups=False` to exclude the groupings or explicitly select the grouping columns after groupby to silence this warning.
  p = p.merge(v.groupby("bloco").apply(lambda x: _wavg(x, f"PI_{h}")).rename(f"AS_{h}").reset_index(),
/home/marchi/financial_ai_project/code/b3_data/qid/auditoria_qidres/rodada3b_robustez.py:151: FutureWarning: DataFrameGroupBy.apply operated on the grouping columns. This behavior is deprecated, and in a future version of pandas the grouping columns will be excluded from the operation. Either pass `include_groups=False` to exclude the groupings or explicitly select the grouping columns after groupby to silence this warning.
  p = p.merge(v.groupby("bloco").apply(lambda x: _wavg(x, f"PI_{h}")).rename(f"AS_{h}").reset_index(),
/home/marchi/financial_ai_project/code/b3_data/qid/auditoria_qidres/rodada3b_robustez.py:151: FutureWarning: DataFrameGroupBy.apply operated on the grouping columns. This behavior is deprecated, and in a future version of pandas the grouping columns will be excluded from the operation. Either pass `include_groups=False` to exclude the groupings or explicitly select the grouping columns after groupby to silence this warning.
  p = p.merge(v.groupby("bloco").apply(lambda x: _wavg(x, f"PI_{h}")).rename(f"AS_{h}").reset_index(),
/home/marchi/financial_ai_project/code/b3_data/qid/auditoria_qidres/rodada3b_robustez.py:151: FutureWarning: DataFrameGroupBy.apply operated on the grouping columns. This behavior is deprecated, and in a future version of pandas the grouping columns will be excluded from the operation. Either pass `include_groups=False` to exclude the groupings or explicitly select the grouping columns after groupby to silence this warning.
  p = p.merge(v.groupby("bloco").apply(lambda x: _wavg(x, f"PI_{h}")).rename(f"AS_{h}").reset_index(),
/home/marchi/financial_ai_project/code/b3_data/qid/auditoria_qidres/rodada3b_robustez.py:151: FutureWarning: DataFrameGroupBy.apply operated on the grouping columns. This behavior is deprecated, and in a future version of pandas the grouping columns will be excluded from the operation. Either pass `include_groups=False` to exclude the groupings or explicitly select the grouping columns after groupby to silence this warning.
  p = p.merge(v.groupby("bloco").apply(lambda x: _wavg(x, f"PI_{h}")).rename(f"AS_{h}").reset_index(),
/home/marchi/financial_ai_project/code/b3_data/qid/auditoria_qidres/rodada3b_robustez.py:151: FutureWarning: DataFrameGroupBy.apply operated on the grouping columns. This behavior is deprecated, and in a future version of pandas the grouping columns will be excluded from the operation. Either pass `include_groups=False` to exclude the groupings or explicitly select the grouping columns after groupby to silence this warning.
  p = p.merge(v.groupby("bloco").apply(lambda x: _wavg(x, f"PI_{h}")).rename(f"AS_{h}").reset_index(),
/home/marchi/financial_ai_project/code/b3_data/qid/auditoria_qidres/rodada3b_robustez.py:151: FutureWarning: DataFrameGroupBy.apply operated on the grouping columns. This behavior is deprecated, and in a future version of pandas the grouping columns will be excluded from the operation. Either pass `include_groups=False` to exclude the groupings or explicitly select the grouping columns after groupby to silence this warning.
  p = p.merge(v.groupby("bloco").apply(lambda x: _wavg(x, f"PI_{h}")).rename(f"AS_{h}").reset_index(),
/home/marchi/financial_ai_project/code/b3_data/qid/auditoria_qidres/rodada3b_robustez.py:151: FutureWarning: DataFrameGroupBy.apply operated on the grouping columns. This behavior is deprecated, and in a future version of pandas the grouping columns will be excluded from the operation. Either pass `include_groups=False` to exclude the groupings or explicitly select the grouping columns after groupby to silence this warning.
  p = p.merge(v.groupby("bloco").apply(lambda x: _wavg(x, f"PI_{h}")).rename(f"AS_{h}").reset_index(),
/home/marchi/financial_ai_project/code/b3_data/qid/auditoria_qidres/rodada3b_robustez.py:151: FutureWarning: DataFrameGroupBy.apply operated on the grouping columns. This behavior is deprecated, and in a future version of pandas the grouping columns will be excluded from the operation. Either pass `include_groups=False` to exclude the groupings or explicitly select the grouping columns after groupby to silence this warning.
  p = p.merge(v.groupby("bloco").apply(lambda x: _wavg(x, f"PI_{h}")).rename(f"AS_{h}").reset_index(),
/home/marchi/financial_ai_project/code/b3_data/qid/auditoria_qidres/rodada3b_robustez.py:151: FutureWarning: DataFrameGroupBy.apply operated on the grouping columns. This behavior is deprecated, and in a future version of pandas the grouping columns will be excluded from the operation. Either pass `include_groups=False` to exclude the groupings or explicitly select the grouping columns after groupby to silence this warning.
  p = p.merge(v.groupby("bloco").apply(lambda x: _wavg(x, f"PI_{h}")).rename(f"AS_{h}").reset_index(),
/home/marchi/financial_ai_project/code/b3_data/qid/auditoria_qidres/rodada3b_robustez.py:151: FutureWarning: DataFrameGroupBy.apply operated on the grouping columns. This behavior is deprecated, and in a future version of pandas the grouping columns will be excluded from the operation. Either pass `include_groups=False` to exclude the groupings or explicitly select the grouping columns after groupby to silence this warning.
  p = p.merge(v.groupby("bloco").apply(lambda x: _wavg(x, f"PI_{h}")).rename(f"AS_{h}").reset_index(),
/home/marchi/financial_ai_project/code/b3_data/qid/auditoria_qidres/rodada3b_robustez.py:151: FutureWarning: DataFrameGroupBy.apply operated on the grouping columns. This behavior is deprecated, and in a future version of pandas the grouping columns will be excluded from the operation. Either pass `include_groups=False` to exclude the groupings or explicitly select the grouping columns after groupby to silence this warning.
  p = p.merge(v.groupby("bloco").apply(lambda x: _wavg(x, f"PI_{h}")).rename(f"AS_{h}").reset_index(),
/home/marchi/financial_ai_project/code/b3_data/qid/auditoria_qidres/rodada3b_robustez.py:151: FutureWarning: DataFrameGroupBy.apply operated on the grouping columns. This behavior is deprecated, and in a future version of pandas the grouping columns will be excluded from the operation. Either pass `include_groups=False` to exclude the groupings or explicitly select the grouping columns after groupby to silence this warning.
  p = p.merge(v.groupby("bloco").apply(lambda x: _wavg(x, f"PI_{h}")).rename(f"AS_{h}").reset_index(),
/home/marchi/financial_ai_project/code/b3_data/qid/auditoria_qidres/rodada3b_robustez.py:151: FutureWarning: DataFrameGroupBy.apply operated on the grouping columns. This behavior is deprecated, and in a future version of pandas the grouping columns will be excluded from the operation. Either pass `include_groups=False` to exclude the groupings or explicitly select the grouping columns after groupby to silence this warning.
  p = p.merge(v.groupby("bloco").apply(lambda x: _wavg(x, f"PI_{h}")).rename(f"AS_{h}").reset_index(),
/home/marchi/financial_ai_project/code/b3_data/qid/auditoria_qidres/rodada3b_robustez.py:151: FutureWarning: DataFrameGroupBy.apply operated on the grouping columns. This behavior is deprecated, and in a future version of pandas the grouping columns will be excluded from the operation. Either pass `include_groups=False` to exclude the groupings or explicitly select the grouping columns after groupby to silence this warning.
  p = p.merge(v.groupby("bloco").apply(lambda x: _wavg(x, f"PI_{h}")).rename(f"AS_{h}").reset_index(),
/home/marchi/financial_ai_project/code/b3_data/qid/auditoria_qidres/rodada3b_robustez.py:151: FutureWarning: DataFrameGroupBy.apply operated on the grouping columns. This behavior is deprecated, and in a future version of pandas the grouping columns will be excluded from the operation. Either pass `include_groups=False` to exclude the groupings or explicitly select the grouping columns after groupby to silence this warning.
  p = p.merge(v.groupby("bloco").apply(lambda x: _wavg(x, f"PI_{h}")).rename(f"AS_{h}").reset_index(),
/home/marchi/financial_ai_project/code/b3_data/qid/auditoria_qidres/rodada3b_robustez.py:151: FutureWarning: DataFrameGroupBy.apply operated on the grouping columns. This behavior is deprecated, and in a future version of pandas the grouping columns will be excluded from the operation. Either pass `include_groups=False` to exclude the groupings or explicitly select the grouping columns after groupby to silence this warning.
  p = p.merge(v.groupby("bloco").apply(lambda x: _wavg(x, f"PI_{h}")).rename(f"AS_{h}").reset_index(),
/home/marchi/financial_ai_project/code/b3_data/qid/auditoria_qidres/rodada3b_robustez.py:151: FutureWarning: DataFrameGroupBy.apply operated on the grouping columns. This behavior is deprecated, and in a future version of pandas the grouping columns will be excluded from the operation. Either pass `include_groups=False` to exclude the groupings or explicitly select the grouping columns after groupby to silence this warning.
  p = p.merge(v.groupby("bloco").apply(lambda x: _wavg(x, f"PI_{h}")).rename(f"AS_{h}").reset_index(),
/home/marchi/financial_ai_project/code/b3_data/qid/auditoria_qidres/rodada3b_robustez.py:151: FutureWarning: DataFrameGroupBy.apply operated on the grouping columns. This behavior is deprecated, and in a future version of pandas the grouping columns will be excluded from the operation. Either pass `include_groups=False` to exclude the groupings or explicitly select the grouping columns after groupby to silence this warning.
  p = p.merge(v.groupby("bloco").apply(lambda x: _wavg(x, f"PI_{h}")).rename(f"AS_{h}").reset_index(),
/home/marchi/financial_ai_project/code/b3_data/qid/auditoria_qidres/rodada3b_robustez.py:151: FutureWarning: DataFrameGroupBy.apply operated on the grouping columns. This behavior is deprecated, and in a future version of pandas the grouping columns will be excluded from the operation. Either pass `include_groups=False` to exclude the groupings or explicitly select the grouping columns after groupby to silence this warning.
  p = p.merge(v.groupby("bloco").apply(lambda x: _wavg(x, f"PI_{h}")).rename(f"AS_{h}").reset_index(),
/home/marchi/financial_ai_project/code/b3_data/qid/auditoria_qidres/rodada3b_robustez.py:151: FutureWarning: DataFrameGroupBy.apply operated on the grouping columns. This behavior is deprecated, and in a future version of pandas the grouping columns will be excluded from the operation. Either pass `include_groups=False` to exclude the groupings or explicitly select the grouping columns after groupby to silence this warning.
  p = p.merge(v.groupby("bloco").apply(lambda x: _wavg(x, f"PI_{h}")).rename(f"AS_{h}").reset_index(),
/home/marchi/financial_ai_project/code/b3_data/qid/auditoria_qidres/rodada3b_robustez.py:151: FutureWarning: DataFrameGroupBy.apply operated on the grouping columns. This behavior is deprecated, and in a future version of pandas the grouping columns will be excluded from the operation. Either pass `include_groups=False` to exclude the groupings or explicitly select the grouping columns after groupby to silence this warning.
  p = p.merge(v.groupby("bloco").apply(lambda x: _wavg(x, f"PI_{h}")).rename(f"AS_{h}").reset_index(),
/home/marchi/financial_ai_project/code/b3_data/qid/auditoria_qidres/rodada3b_robustez.py:151: FutureWarning: DataFrameGroupBy.apply operated on the grouping columns. This behavior is deprecated, and in a future version of pandas the grouping columns will be excluded from the operation. Either pass `include_groups=False` to exclude the groupings or explicitly select the grouping columns after groupby to silence this warning.
  p = p.merge(v.groupby("bloco").apply(lambda x: _wavg(x, f"PI_{h}")).rename(f"AS_{h}").reset_index(),
/home/marchi/financial_ai_project/code/b3_data/qid/auditoria_qidres/rodada3b_robustez.py:151: FutureWarning: DataFrameGroupBy.apply operated on the grouping columns. This behavior is deprecated, and in a future version of pandas the grouping columns will be excluded from the operation. Either pass `include_groups=False` to exclude the groupings or explicitly select the grouping columns after groupby to silence this warning.
  p = p.merge(v.groupby("bloco").apply(lambda x: _wavg(x, f"PI_{h}")).rename(f"AS_{h}").reset_index(),
/home/marchi/financial_ai_project/code/b3_data/qid/auditoria_qidres/rodada3b_robustez.py:151: FutureWarning: DataFrameGroupBy.apply operated on the grouping columns. This behavior is deprecated, and in a future version of pandas the grouping columns will be excluded from the operation. Either pass `include_groups=False` to exclude the groupings or explicitly select the grouping columns after groupby to silence this warning.
  p = p.merge(v.groupby("bloco").apply(lambda x: _wavg(x, f"PI_{h}")).rename(f"AS_{h}").reset_index(),
/home/marchi/financial_ai_project/code/b3_data/qid/auditoria_qidres/rodada3b_robustez.py:151: FutureWarning: DataFrameGroupBy.apply operated on the grouping columns. This behavior is deprecated, and in a future version of pandas the grouping columns will be excluded from the operation. Either pass `include_groups=False` to exclude the groupings or explicitly select the grouping columns after groupby to silence this warning.
  p = p.merge(v.groupby("bloco").apply(lambda x: _wavg(x, f"PI_{h}")).rename(f"AS_{h}").reset_index(),
/home/marchi/financial_ai_project/code/b3_data/qid/auditoria_qidres/rodada3b_robustez.py:151: FutureWarning: DataFrameGroupBy.apply operated on the grouping columns. This behavior is deprecated, and in a future version of pandas the grouping columns will be excluded from the operation. Either pass `include_groups=False` to exclude the groupings or explicitly select the grouping columns after groupby to silence this warning.
  p = p.merge(v.groupby("bloco").apply(lambda x: _wavg(x, f"PI_{h}")).rename(f"AS_{h}").reset_index(),
/home/marchi/financial_ai_project/code/b3_data/qid/auditoria_qidres/rodada3b_robustez.py:151: FutureWarning: DataFrameGroupBy.apply operated on the grouping columns. This behavior is deprecated, and in a future version of pandas the grouping columns will be excluded from the operation. Either pass `include_groups=False` to exclude the groupings or explicitly select the grouping columns after groupby to silence this warning.
  p = p.merge(v.groupby("bloco").apply(lambda x: _wavg(x, f"PI_{h}")).rename(f"AS_{h}").reset_index(),
/home/marchi/financial_ai_project/code/b3_data/qid/auditoria_qidres/rodada3b_robustez.py:151: FutureWarning: DataFrameGroupBy.apply operated on the grouping columns. This behavior is deprecated, and in a future version of pandas the grouping columns will be excluded from the operation. Either pass `include_groups=False` to exclude the groupings or explicitly select the grouping columns after groupby to silence this warning.
  p = p.merge(v.groupby("bloco").apply(lambda x: _wavg(x, f"PI_{h}")).rename(f"AS_{h}").reset_index(),
/home/marchi/financial_ai_project/code/b3_data/qid/auditoria_qidres/rodada3b_robustez.py:151: FutureWarning: DataFrameGroupBy.apply operated on the grouping columns. This behavior is deprecated, and in a future version of pandas the grouping columns will be excluded from the operation. Either pass `include_groups=False` to exclude the groupings or explicitly select the grouping columns after groupby to silence this warning.
  p = p.merge(v.groupby("bloco").apply(lambda x: _wavg(x, f"PI_{h}")).rename(f"AS_{h}").reset_index(),
/home/marchi/financial_ai_project/code/b3_data/qid/auditoria_qidres/rodada3b_robustez.py:151: FutureWarning: DataFrameGroupBy.apply operated on the grouping columns. This behavior is deprecated, and in a future version of pandas the grouping columns will be excluded from the operation. Either pass `include_groups=False` to exclude the groupings or explicitly select the grouping columns after groupby to silence this warning.
  p = p.merge(v.groupby("bloco").apply(lambda x: _wavg(x, f"PI_{h}")).rename(f"AS_{h}").reset_index(),
/home/marchi/financial_ai_project/code/b3_data/qid/auditoria_qidres/rodada3b_robustez.py:151: FutureWarning: DataFrameGroupBy.apply operated on the grouping columns. This behavior is deprecated, and in a future version of pandas the grouping columns will be excluded from the operation. Either pass `include_groups=False` to exclude the groupings or explicitly select the grouping columns after groupby to silence this warning.
  p = p.merge(v.groupby("bloco").apply(lambda x: _wavg(x, f"PI_{h}")).rename(f"AS_{h}").reset_index(),
/home/marchi/financial_ai_project/code/b3_data/qid/auditoria_qidres/rodada3b_robustez.py:151: FutureWarning: DataFrameGroupBy.apply operated on the grouping columns. This behavior is deprecated, and in a future version of pandas the grouping columns will be excluded from the operation. Either pass `include_groups=False` to exclude the groupings or explicitly select the grouping columns after groupby to silence this warning.
  p = p.merge(v.groupby("bloco").apply(lambda x: _wavg(x, f"PI_{h}")).rename(f"AS_{h}").reset_index(),
/home/marchi/financial_ai_project/code/b3_data/qid/auditoria_qidres/rodada3b_robustez.py:151: FutureWarning: DataFrameGroupBy.apply operated on the grouping columns. This behavior is deprecated, and in a future version of pandas the grouping columns will be excluded from the operation. Either pass `include_groups=False` to exclude the groupings or explicitly select the grouping columns after groupby to silence this warning.
  p = p.merge(v.groupby("bloco").apply(lambda x: _wavg(x, f"PI_{h}")).rename(f"AS_{h}").reset_index(),
/home/marchi/financial_ai_project/code/b3_data/qid/auditoria_qidres/rodada3b_robustez.py:151: FutureWarning: DataFrameGroupBy.apply operated on the grouping columns. This behavior is deprecated, and in a future version of pandas the grouping columns will be excluded from the operation. Either pass `include_groups=False` to exclude the groupings or explicitly select the grouping columns after groupby to silence this warning.
  p = p.merge(v.groupby("bloco").apply(lambda x: _wavg(x, f"PI_{h}")).rename(f"AS_{h}").reset_index(),
/home/marchi/financial_ai_project/code/b3_data/qid/auditoria_qidres/rodada3b_robustez.py:151: FutureWarning: DataFrameGroupBy.apply operated on the grouping columns. This behavior is deprecated, and in a future version of pandas the grouping columns will be excluded from the operation. Either pass `include_groups=False` to exclude the groupings or explicitly select the grouping columns after groupby to silence this warning.
  p = p.merge(v.groupby("bloco").apply(lambda x: _wavg(x, f"PI_{h}")).rename(f"AS_{h}").reset_index(),
/home/marchi/financial_ai_project/code/b3_data/qid/auditoria_qidres/rodada3b_robustez.py:151: FutureWarning: DataFrameGroupBy.apply operated on the grouping columns. This behavior is deprecated, and in a future version of pandas the grouping columns will be excluded from the operation. Either pass `include_groups=False` to exclude the groupings or explicitly select the grouping columns after groupby to silence this warning.
  p = p.merge(v.groupby("bloco").apply(lambda x: _wavg(x, f"PI_{h}")).rename(f"AS_{h}").reset_index(),
/home/marchi/financial_ai_project/code/b3_data/qid/auditoria_qidres/rodada3b_robustez.py:151: FutureWarning: DataFrameGroupBy.apply operated on the grouping columns. This behavior is deprecated, and in a future version of pandas the grouping columns will be excluded from the operation. Either pass `include_groups=False` to exclude the groupings or explicitly select the grouping columns after groupby to silence this warning.
  p = p.merge(v.groupby("bloco").apply(lambda x: _wavg(x, f"PI_{h}")).rename(f"AS_{h}").reset_index(),
/home/marchi/financial_ai_project/code/b3_data/qid/auditoria_qidres/rodada3b_robustez.py:151: FutureWarning: DataFrameGroupBy.apply operated on the grouping columns. This behavior is deprecated, and in a future version of pandas the grouping columns will be excluded from the operation. Either pass `include_groups=False` to exclude the groupings or explicitly select the grouping columns after groupby to silence this warning.
  p = p.merge(v.groupby("bloco").apply(lambda x: _wavg(x, f"PI_{h}")).rename(f"AS_{h}").reset_index(),
/home/marchi/financial_ai_project/code/b3_data/qid/auditoria_qidres/rodada3b_robustez.py:151: FutureWarning: DataFrameGroupBy.apply operated on the grouping columns. This behavior is deprecated, and in a future version of pandas the grouping columns will be excluded from the operation. Either pass `include_groups=False` to exclude the groupings or explicitly select the grouping columns after groupby to silence this warning.
  p = p.merge(v.groupby("bloco").apply(lambda x: _wavg(x, f"PI_{h}")).rename(f"AS_{h}").reset_index(),
/home/marchi/financial_ai_project/code/b3_data/qid/auditoria_qidres/rodada3b_robustez.py:151: FutureWarning: DataFrameGroupBy.apply operated on the grouping columns. This behavior is deprecated, and in a future version of pandas the grouping columns will be excluded from the operation. Either pass `include_groups=False` to exclude the groupings or explicitly select the grouping columns after groupby to silence this warning.
  p = p.merge(v.groupby("bloco").apply(lambda x: _wavg(x, f"PI_{h}")).rename(f"AS_{h}").reset_index(),
/home/marchi/financial_ai_project/code/b3_data/qid/auditoria_qidres/rodada3b_robustez.py:151: FutureWarning: DataFrameGroupBy.apply operated on the grouping columns. This behavior is deprecated, and in a future version of pandas the grouping columns will be excluded from the operation. Either pass `include_groups=False` to exclude the groupings or explicitly select the grouping columns after groupby to silence this warning.
  p = p.merge(v.groupby("bloco").apply(lambda x: _wavg(x, f"PI_{h}")).rename(f"AS_{h}").reset_index(),
/home/marchi/financial_ai_project/code/b3_data/qid/auditoria_qidres/rodada3b_robustez.py:151: FutureWarning: DataFrameGroupBy.apply operated on the grouping columns. This behavior is deprecated, and in a future version of pandas the grouping columns will be excluded from the operation. Either pass `include_groups=False` to exclude the groupings or explicitly select the grouping columns after groupby to silence this warning.
  p = p.merge(v.groupby("bloco").apply(lambda x: _wavg(x, f"PI_{h}")).rename(f"AS_{h}").reset_index(),
/home/marchi/financial_ai_project/code/b3_data/qid/auditoria_qidres/rodada3b_robustez.py:151: FutureWarning: DataFrameGroupBy.apply operated on the grouping columns. This behavior is deprecated, and in a future version of pandas the grouping columns will be excluded from the operation. Either pass `include_groups=False` to exclude the groupings or explicitly select the grouping columns after groupby to silence this warning.
  p = p.merge(v.groupby("bloco").apply(lambda x: _wavg(x, f"PI_{h}")).rename(f"AS_{h}").reset_index(),
/home/marchi/financial_ai_project/code/b3_data/qid/auditoria_qidres/rodada3b_robustez.py:151: FutureWarning: DataFrameGroupBy.apply operated on the grouping columns. This behavior is deprecated, and in a future version of pandas the grouping columns will be excluded from the operation. Either pass `include_groups=False` to exclude the groupings or explicitly select the grouping columns after groupby to silence this warning.
  p = p.merge(v.groupby("bloco").apply(lambda x: _wavg(x, f"PI_{h}")).rename(f"AS_{h}").reset_index(),
/home/marchi/financial_ai_project/code/b3_data/qid/auditoria_qidres/rodada3b_robustez.py:151: FutureWarning: DataFrameGroupBy.apply operated on the grouping columns. This behavior is deprecated, and in a future version of pandas the grouping columns will be excluded from the operation. Either pass `include_groups=False` to exclude the groupings or explicitly select the grouping columns after groupby to silence this warning.
  p = p.merge(v.groupby("bloco").apply(lambda x: _wavg(x, f"PI_{h}")).rename(f"AS_{h}").reset_index(),
/home/marchi/financial_ai_project/code/b3_data/qid/auditoria_qidres/rodada3b_robustez.py:151: FutureWarning: DataFrameGroupBy.apply operated on the grouping columns. This behavior is deprecated, and in a future version of pandas the grouping columns will be excluded from the operation. Either pass `include_groups=False` to exclude the groupings or explicitly select the grouping columns after groupby to silence this warning.
  p = p.merge(v.groupby("bloco").apply(lambda x: _wavg(x, f"PI_{h}")).rename(f"AS_{h}").reset_index(),
/home/marchi/financial_ai_project/code/b3_data/qid/auditoria_qidres/rodada3b_robustez.py:151: FutureWarning: DataFrameGroupBy.apply operated on the grouping columns. This behavior is deprecated, and in a future version of pandas the grouping columns will be excluded from the operation. Either pass `include_groups=False` to exclude the groupings or explicitly select the grouping columns after groupby to silence this warning.
  p = p.merge(v.groupby("bloco").apply(lambda x: _wavg(x, f"PI_{h}")).rename(f"AS_{h}").reset_index(),
/home/marchi/financial_ai_project/code/b3_data/qid/auditoria_qidres/rodada3b_robustez.py:151: FutureWarning: DataFrameGroupBy.apply operated on the grouping columns. This behavior is deprecated, and in a future version of pandas the grouping columns will be excluded from the operation. Either pass `include_groups=False` to exclude the groupings or explicitly select the grouping columns after groupby to silence this warning.
  p = p.merge(v.groupby("bloco").apply(lambda x: _wavg(x, f"PI_{h}")).rename(f"AS_{h}").reset_index(),
/home/marchi/financial_ai_project/code/b3_data/qid/auditoria_qidres/rodada3b_robustez.py:151: FutureWarning: DataFrameGroupBy.apply operated on the grouping columns. This behavior is deprecated, and in a future version of pandas the grouping columns will be excluded from the operation. Either pass `include_groups=False` to exclude the groupings or explicitly select the grouping columns after groupby to silence this warning.
  p = p.merge(v.groupby("bloco").apply(lambda x: _wavg(x, f"PI_{h}")).rename(f"AS_{h}").reset_index(),
/home/marchi/financial_ai_project/code/b3_data/qid/auditoria_qidres/rodada3b_robustez.py:151: FutureWarning: DataFrameGroupBy.apply operated on the grouping columns. This behavior is deprecated, and in a future version of pandas the grouping columns will be excluded from the operation. Either pass `include_groups=False` to exclude the groupings or explicitly select the grouping columns after groupby to silence this warning.
  p = p.merge(v.groupby("bloco").apply(lambda x: _wavg(x, f"PI_{h}")).rename(f"AS_{h}").reset_index(),
/home/marchi/financial_ai_project/code/b3_data/qid/auditoria_qidres/rodada3b_robustez.py:151: FutureWarning: DataFrameGroupBy.apply operated on the grouping columns. This behavior is deprecated, and in a future version of pandas the grouping columns will be excluded from the operation. Either pass `include_groups=False` to exclude the groupings or explicitly select the grouping columns after groupby to silence this warning.
  p = p.merge(v.groupby("bloco").apply(lambda x: _wavg(x, f"PI_{h}")).rename(f"AS_{h}").reset_index(),
/home/marchi/financial_ai_project/code/b3_data/qid/auditoria_qidres/rodada3b_robustez.py:151: FutureWarning: DataFrameGroupBy.apply operated on the grouping columns. This behavior is deprecated, and in a future version of pandas the grouping columns will be excluded from the operation. Either pass `include_groups=False` to exclude the groupings or explicitly select the grouping columns after groupby to silence this warning.
  p = p.merge(v.groupby("bloco").apply(lambda x: _wavg(x, f"PI_{h}")).rename(f"AS_{h}").reset_index(),
/home/marchi/financial_ai_project/code/b3_data/qid/auditoria_qidres/rodada3b_robustez.py:151: FutureWarning: DataFrameGroupBy.apply operated on the grouping columns. This behavior is deprecated, and in a future version of pandas the grouping columns will be excluded from the operation. Either pass `include_groups=False` to exclude the groupings or explicitly select the grouping columns after groupby to silence this warning.
  p = p.merge(v.groupby("bloco").apply(lambda x: _wavg(x, f"PI_{h}")).rename(f"AS_{h}").reset_index(),
/home/marchi/financial_ai_project/code/b3_data/qid/auditoria_qidres/rodada3b_robustez.py:151: FutureWarning: DataFrameGroupBy.apply operated on the grouping columns. This behavior is deprecated, and in a future version of pandas the grouping columns will be excluded from the operation. Either pass `include_groups=False` to exclude the groupings or explicitly select the grouping columns after groupby to silence this warning.
  p = p.merge(v.groupby("bloco").apply(lambda x: _wavg(x, f"PI_{h}")).rename(f"AS_{h}").reset_index(),
/home/marchi/financial_ai_project/code/b3_data/qid/auditoria_qidres/rodada3b_robustez.py:151: FutureWarning: DataFrameGroupBy.apply operated on the grouping columns. This behavior is deprecated, and in a future version of pandas the grouping columns will be excluded from the operation. Either pass `include_groups=False` to exclude the groupings or explicitly select the grouping columns after groupby to silence this warning.
  p = p.merge(v.groupby("bloco").apply(lambda x: _wavg(x, f"PI_{h}")).rename(f"AS_{h}").reset_index(),
/home/marchi/financial_ai_project/code/b3_data/qid/auditoria_qidres/rodada3b_robustez.py:151: FutureWarning: DataFrameGroupBy.apply operated on the grouping columns. This behavior is deprecated, and in a future version of pandas the grouping columns will be excluded from the operation. Either pass `include_groups=False` to exclude the groupings or explicitly select the grouping columns after groupby to silence this warning.
  p = p.merge(v.groupby("bloco").apply(lambda x: _wavg(x, f"PI_{h}")).rename(f"AS_{h}").reset_index(),
/home/marchi/financial_ai_project/code/b3_data/qid/auditoria_qidres/rodada3b_robustez.py:151: FutureWarning: DataFrameGroupBy.apply operated on the grouping columns. This behavior is deprecated, and in a future version of pandas the grouping columns will be excluded from the operation. Either pass `include_groups=False` to exclude the groupings or explicitly select the grouping columns after groupby to silence this warning.
  p = p.merge(v.groupby("bloco").apply(lambda x: _wavg(x, f"PI_{h}")).rename(f"AS_{h}").reset_index(),
/home/marchi/financial_ai_project/code/b3_data/qid/auditoria_qidres/rodada3b_robustez.py:151: FutureWarning: DataFrameGroupBy.apply operated on the grouping columns. This behavior is deprecated, and in a future version of pandas the grouping columns will be excluded from the operation. Either pass `include_groups=False` to exclude the groupings or explicitly select the grouping columns after groupby to silence this warning.
  p = p.merge(v.groupby("bloco").apply(lambda x: _wavg(x, f"PI_{h}")).rename(f"AS_{h}").reset_index(),
/home/marchi/financial_ai_project/code/b3_data/qid/auditoria_qidres/rodada3b_robustez.py:151: FutureWarning: DataFrameGroupBy.apply operated on the grouping columns. This behavior is deprecated, and in a future version of pandas the grouping columns will be excluded from the operation. Either pass `include_groups=False` to exclude the groupings or explicitly select the grouping columns after groupby to silence this warning.
  p = p.merge(v.groupby("bloco").apply(lambda x: _wavg(x, f"PI_{h}")).rename(f"AS_{h}").reset_index(),
/home/marchi/financial_ai_project/code/b3_data/qid/auditoria_qidres/rodada3b_robustez.py:151: FutureWarning: DataFrameGroupBy.apply operated on the grouping columns. This behavior is deprecated, and in a future version of pandas the grouping columns will be excluded from the operation. Either pass `include_groups=False` to exclude the groupings or explicitly select the grouping columns after groupby to silence this warning.
  p = p.merge(v.groupby("bloco").apply(lambda x: _wavg(x, f"PI_{h}")).rename(f"AS_{h}").reset_index(),
id                                 estimador  bloco_min  intervalo_s  h_s             versao  valor  r_bruto  ic95_inf  ic95_sup  N_blocos  n_sessoes  negocios_medios_por_metade
E2 metades sem sobreposição (Spearman-Brown)          5          0.0    5              bruto  0.121    0.065    -0.087     0.288      1269         12                    4142.775
E2 metades sem sobreposição (Spearman-Brown)          5          0.0    5 sem_media_por_hora  0.112    0.059    -0.080     0.272      1269         12                    4142.775
E2 metades sem sobreposição (Spearman-Brown)          5         30.0    5              bruto  0.063    0.033    -0.157     0.242      1269         12                    3735.488
E2 metades sem sobreposição (Spearman-Brown)          5         30.0    5 sem_media_por_hora  0.046    0.024    -0.161     0.216      1269         12                    3735.488
E2 metades sem sobreposição (Spearman-Brown)          5         60.0    5              bruto  0.023    0.011    -0.225     0.223      1269         12                    3306.058
E2 metades sem sobreposição (Spearman-Brown)          5         60.0    5 sem_media_por_hora  0.007    0.003    -0.231     0.199      1269         12                    3306.058
E2 metades sem sobreposição (Spearman-Brown)          5        120.0    5              bruto  0.131    0.070    -0.134     0.336      1269         12                    2495.355
E2 metades sem sobreposição (Spearman-Brown)          5        120.0    5 sem_media_por_hora  0.117    0.062    -0.126     0.311      1269         12                    2495.355
E2 metades sem sobreposição (Spearman-Brown)         10         60.0    5              bruto  0.071    0.037    -0.192     0.274       634         12                    7442.111
E2 metades sem sobreposição (Spearman-Brown)         10         60.0    5 sem_media_por_hora  0.071    0.037    -0.214     0.295       634         12                    7442.111
E2 metades sem sobreposição (Spearman-Brown)         15         60.0    5              bruto -0.107   -0.051    -0.505     0.184       407         12                   11583.839
E2 metades sem sobreposição (Spearman-Brown)         15         60.0    5 sem_media_por_hora -0.081   -0.039    -0.459     0.199       407         12                   11583.839
E2                correlação AS_t × AS_{t+2}          5          NaN    5              bruto  0.039    0.039    -0.051     0.129      1243         12                    8265.754
E2                correlação AS_t × AS_{t+2}          5          NaN    5 sem_media_por_hora  0.035    0.035    -0.053     0.123      1243         12                    8265.754
E2                correlação AS_t × AS_{t+2}         10          NaN    5              bruto  0.089    0.089    -0.033     0.207       608         12                   16462.858
E2                correlação AS_t × AS_{t+2}         10          NaN    5 sem_media_por_hora  0.087    0.087    -0.035     0.204       608         12                   16462.858
E2                correlação AS_t × AS_{t+2}         15          NaN    5              bruto  0.019    0.019    -0.050     0.089       381         12                   24762.663
E2                correlação AS_t × AS_{t+2}         15          NaN    5 sem_media_por_hora  0.016    0.016    -0.044     0.077       381         12                   24762.663
E2 metades sem sobreposição (Spearman-Brown)          5          0.0   30              bruto  0.092    0.048    -0.092     0.247      1269         12                    4141.429
E2 metades sem sobreposição (Spearman-Brown)          5          0.0   30 sem_media_por_hora  0.082    0.042    -0.098     0.229      1269         12                    4141.429
E2 metades sem sobreposição (Spearman-Brown)          5         30.0   30              bruto  0.060    0.031    -0.117     0.207      1269         12                    3734.142
E2 metades sem sobreposição (Spearman-Brown)          5         30.0   30 sem_media_por_hora  0.043    0.022    -0.125     0.187      1269         12                    3734.142
E2 metades sem sobreposição (Spearman-Brown)          5         60.0   30              bruto  0.016    0.008    -0.149     0.161      1269         12                    3304.712
E2 metades sem sobreposição (Spearman-Brown)          5         60.0   30 sem_media_por_hora -0.000   -0.000    -0.162     0.135      1269         12                    3304.712
E2 metades sem sobreposição (Spearman-Brown)          5        120.0   30              bruto  0.131    0.070    -0.019     0.261      1269         12                    2494.009
E2 metades sem sobreposição (Spearman-Brown)          5        120.0   30 sem_media_por_hora  0.114    0.061    -0.029     0.239      1269         12                    2494.009
E2 metades sem sobreposição (Spearman-Brown)         10         60.0   30              bruto  0.046    0.024    -0.105     0.176       634         12                    7439.417
E2 metades sem sobreposição (Spearman-Brown)         10         60.0   30 sem_media_por_hora  0.039    0.020    -0.107     0.164       634         12                    7439.417
E2 metades sem sobreposição (Spearman-Brown)         15         60.0   30              bruto  0.022    0.011    -0.376     0.312       407         12                   11583.839
E2 metades sem sobreposição (Spearman-Brown)         15         60.0   30 sem_media_por_hora -0.000   -0.000    -0.358     0.267       407         12                   11583.839
E2                correlação AS_t × AS_{t+2}          5          NaN   30              bruto  0.043    0.043    -0.024     0.111      1243         12                    8264.380
E2                correlação AS_t × AS_{t+2}          5          NaN   30 sem_media_por_hora  0.031    0.031    -0.030     0.090      1243         12                    8264.380
E2                correlação AS_t × AS_{t+2}         10          NaN   30              bruto  0.010    0.010    -0.049     0.068       608         12                   16460.049
E2                correlação AS_t × AS_{t+2}         10          NaN   30 sem_media_por_hora -0.001   -0.001    -0.068     0.064       608         12                   16460.049
E2                correlação AS_t × AS_{t+2}         15          NaN   30              bruto -0.015   -0.015    -0.083     0.051       381         12                   24762.663
E2                correlação AS_t × AS_{t+2}         15          NaN   30 sem_media_por_hora -0.032   -0.032    -0.105     0.042       381         12                   24762.663
E2 metades sem sobreposição (Spearman-Brown)          5          0.0   60              bruto -0.018   -0.009    -0.196     0.134      1269         12                    4139.402
E2 metades sem sobreposição (Spearman-Brown)          5          0.0   60 sem_media_por_hora  0.003    0.001    -0.161     0.142      1269         12                    4139.402
E2 metades sem sobreposição (Spearman-Brown)          5         30.0   60              bruto -0.056   -0.027    -0.183     0.055      1269         12                    3732.115
E2 metades sem sobreposição (Spearman-Brown)          5         30.0   60 sem_media_por_hora -0.039   -0.019    -0.162     0.071      1269         12                    3732.115
E2 metades sem sobreposição (Spearman-Brown)          5         60.0   60              bruto -0.076   -0.037    -0.174     0.013      1269         12                    3302.685
E2 metades sem sobreposição (Spearman-Brown)          5         60.0   60 sem_media_por_hora -0.055   -0.027    -0.151     0.033      1269         12                    3302.685
E2 metades sem sobreposição (Spearman-Brown)          5        120.0   60              bruto -0.002   -0.001    -0.106     0.093      1269         12                    2491.982
E2 metades sem sobreposição (Spearman-Brown)          5        120.0   60 sem_media_por_hora  0.007    0.004    -0.090     0.096      1269         12                    2491.982
E2 metades sem sobreposição (Spearman-Brown)         10         60.0   60              bruto  0.081    0.042    -0.221     0.307       634         12                    7435.360
E2 metades sem sobreposição (Spearman-Brown)         10         60.0   60 sem_media_por_hora  0.080    0.042    -0.225     0.306       634         12                    7435.360
E2 metades sem sobreposição (Spearman-Brown)         15         60.0   60              bruto -0.019   -0.009    -0.262     0.181       407         12                   11583.839
E2 metades sem sobreposição (Spearman-Brown)         15         60.0   60 sem_media_por_hora  0.003    0.001    -0.272     0.219       407         12                   11583.839
E2                correlação AS_t × AS_{t+2}          5          NaN   60              bruto  0.090    0.090    -0.003     0.180      1243         12                    8262.311
E2                correlação AS_t × AS_{t+2}          5          NaN   60 sem_media_por_hora  0.081    0.081    -0.012     0.172      1243         12                    8262.311
E2                correlação AS_t × AS_{t+2}         10          NaN   60              bruto -0.005   -0.005    -0.093     0.084       608         12                   16455.818
E2                correlação AS_t × AS_{t+2}         10          NaN   60 sem_media_por_hora -0.014   -0.014    -0.101     0.073       608         12                   16455.818
E2                correlação AS_t × AS_{t+2}         15          NaN   60              bruto -0.005   -0.005    -0.109     0.099       381         12                   24762.663
E2                correlação AS_t × AS_{t+2}         15          NaN   60 sem_media_por_hora -0.010   -0.010    -0.123     0.102       381         12                   24762.663
id  bloco_min  h_s      regressor    beta  ic95_webb_inf  ic95_webb_sup  N_blocos  n_sessoes  ic95_hac_inf  ic95_hac_sup  partial_R2
E3          5  NaN corr(θ_t, κ_t)  0.1732         0.1108         0.2436      1269         12           NaN           NaN         NaN
E3         10  NaN corr(θ_t, κ_t)  0.1547         0.0678         0.2498       634         12           NaN           NaN         NaN
E3         15  NaN corr(θ_t, κ_t)  0.0620        -0.0817         0.2064       407         12           NaN           NaN         NaN
E3          5 30.0            θ_t -0.0541        -0.1070        -0.0024      1256         12       -0.1116        0.0034      0.0028
E3          5 30.0            κ_t -0.0924        -0.1832        -0.0014      1256         12       -0.1962        0.0115      0.0053
E3          5 60.0            θ_t -0.0678        -0.1333        -0.0015      1256         12       -0.1270       -0.0086      0.0043
E3          5 60.0            κ_t -0.0766        -0.1433        -0.0096      1256         12       -0.1618        0.0087      0.0036
E3         10 30.0            θ_t -0.0857        -0.1427        -0.0283       621         12       -0.1573       -0.0140      0.0070
E3         10 30.0            κ_t  0.0424        -0.0340         0.1183       621         12       -0.0587        0.1435      0.0014
E3         10 60.0            θ_t -0.0916        -0.1673        -0.0160       621         12       -0.1665       -0.0167      0.0081
E3         10 60.0            κ_t  0.0442        -0.0918         0.1801       621         12       -0.0870        0.1754      0.0015
E3         15 30.0            θ_t -0.0892        -0.1673        -0.0098       394         12       -0.1834        0.0049      0.0076
E3         15 30.0            κ_t  0.0858        -0.0108         0.1838       394         12       -0.0057        0.1773      0.0043
E3         15 60.0            θ_t -0.0690        -0.1807         0.0418       394         12       -0.1638        0.0258      0.0046
E3         15 60.0            κ_t  0.0354        -0.1005         0.1702       394         12       -0.0833        0.1541      0.0007
2026-10-01 17:50:56 FIM 3b
