2026-10-01 17:56:47 início E4
/home/marchi/financial_ai_project/code/b3_data/qid/auditoria_qidres/rodada3c_theta.py:61: FutureWarning: DataFrameGroupBy.apply operated on the grouping columns. This behavior is deprecated, and in a future version of pandas the grouping columns will be excluded from the operation. Either pass `include_groups=False` to exclude the groupings or explicitly select the grouping columns after groupby to silence this warning.
  p = p.merge(v.groupby("bloco").apply(lambda x: _wavg(x, f"PI_{h}")).rename(f"AS_{h}").reset_index(),
/home/marchi/financial_ai_project/code/b3_data/qid/auditoria_qidres/rodada3c_theta.py:61: FutureWarning: DataFrameGroupBy.apply operated on the grouping columns. This behavior is deprecated, and in a future version of pandas the grouping columns will be excluded from the operation. Either pass `include_groups=False` to exclude the groupings or explicitly select the grouping columns after groupby to silence this warning.
  p = p.merge(v.groupby("bloco").apply(lambda x: _wavg(x, f"PI_{h}")).rename(f"AS_{h}").reset_index(),
/home/marchi/financial_ai_project/code/b3_data/qid/auditoria_qidres/rodada3c_theta.py:61: FutureWarning: DataFrameGroupBy.apply operated on the grouping columns. This behavior is deprecated, and in a future version of pandas the grouping columns will be excluded from the operation. Either pass `include_groups=False` to exclude the groupings or explicitly select the grouping columns after groupby to silence this warning.
  p = p.merge(v.groupby("bloco").apply(lambda x: _wavg(x, f"PI_{h}")).rename(f"AS_{h}").reset_index(),
/home/marchi/financial_ai_project/code/b3_data/qid/auditoria_qidres/rodada3c_theta.py:61: FutureWarning: DataFrameGroupBy.apply operated on the grouping columns. This behavior is deprecated, and in a future version of pandas the grouping columns will be excluded from the operation. Either pass `include_groups=False` to exclude the groupings or explicitly select the grouping columns after groupby to silence this warning.
  p = p.merge(v.groupby("bloco").apply(lambda x: _wavg(x, f"PI_{h}")).rename(f"AS_{h}").reset_index(),
/home/marchi/financial_ai_project/code/b3_data/qid/auditoria_qidres/rodada3c_theta.py:61: FutureWarning: DataFrameGroupBy.apply operated on the grouping columns. This behavior is deprecated, and in a future version of pandas the grouping columns will be excluded from the operation. Either pass `include_groups=False` to exclude the groupings or explicitly select the grouping columns after groupby to silence this warning.
  p = p.merge(v.groupby("bloco").apply(lambda x: _wavg(x, f"PI_{h}")).rename(f"AS_{h}").reset_index(),
/home/marchi/financial_ai_project/code/b3_data/qid/auditoria_qidres/rodada3c_theta.py:61: FutureWarning: DataFrameGroupBy.apply operated on the grouping columns. This behavior is deprecated, and in a future version of pandas the grouping columns will be excluded from the operation. Either pass `include_groups=False` to exclude the groupings or explicitly select the grouping columns after groupby to silence this warning.
  p = p.merge(v.groupby("bloco").apply(lambda x: _wavg(x, f"PI_{h}")).rename(f"AS_{h}").reset_index(),
/home/marchi/financial_ai_project/code/b3_data/qid/auditoria_qidres/rodada3c_theta.py:61: FutureWarning: DataFrameGroupBy.apply operated on the grouping columns. This behavior is deprecated, and in a future version of pandas the grouping columns will be excluded from the operation. Either pass `include_groups=False` to exclude the groupings or explicitly select the grouping columns after groupby to silence this warning.
  p = p.merge(v.groupby("bloco").apply(lambda x: _wavg(x, f"PI_{h}")).rename(f"AS_{h}").reset_index(),
/home/marchi/financial_ai_project/code/b3_data/qid/auditoria_qidres/rodada3c_theta.py:61: FutureWarning: DataFrameGroupBy.apply operated on the grouping columns. This behavior is deprecated, and in a future version of pandas the grouping columns will be excluded from the operation. Either pass `include_groups=False` to exclude the groupings or explicitly select the grouping columns after groupby to silence this warning.
  p = p.merge(v.groupby("bloco").apply(lambda x: _wavg(x, f"PI_{h}")).rename(f"AS_{h}").reset_index(),
/home/marchi/financial_ai_project/code/b3_data/qid/auditoria_qidres/rodada3c_theta.py:61: FutureWarning: DataFrameGroupBy.apply operated on the grouping columns. This behavior is deprecated, and in a future version of pandas the grouping columns will be excluded from the operation. Either pass `include_groups=False` to exclude the groupings or explicitly select the grouping columns after groupby to silence this warning.
  p = p.merge(v.groupby("bloco").apply(lambda x: _wavg(x, f"PI_{h}")).rename(f"AS_{h}").reset_index(),
/home/marchi/financial_ai_project/code/b3_data/qid/auditoria_qidres/rodada3c_theta.py:61: FutureWarning: DataFrameGroupBy.apply operated on the grouping columns. This behavior is deprecated, and in a future version of pandas the grouping columns will be excluded from the operation. Either pass `include_groups=False` to exclude the groupings or explicitly select the grouping columns after groupby to silence this warning.
  p = p.merge(v.groupby("bloco").apply(lambda x: _wavg(x, f"PI_{h}")).rename(f"AS_{h}").reset_index(),
/home/marchi/financial_ai_project/code/b3_data/qid/auditoria_qidres/rodada3c_theta.py:61: FutureWarning: DataFrameGroupBy.apply operated on the grouping columns. This behavior is deprecated, and in a future version of pandas the grouping columns will be excluded from the operation. Either pass `include_groups=False` to exclude the groupings or explicitly select the grouping columns after groupby to silence this warning.
  p = p.merge(v.groupby("bloco").apply(lambda x: _wavg(x, f"PI_{h}")).rename(f"AS_{h}").reset_index(),
/home/marchi/financial_ai_project/code/b3_data/qid/auditoria_qidres/rodada3c_theta.py:61: FutureWarning: DataFrameGroupBy.apply operated on the grouping columns. This behavior is deprecated, and in a future version of pandas the grouping columns will be excluded from the operation. Either pass `include_groups=False` to exclude the groupings or explicitly select the grouping columns after groupby to silence this warning.
  p = p.merge(v.groupby("bloco").apply(lambda x: _wavg(x, f"PI_{h}")).rename(f"AS_{h}").reset_index(),
/home/marchi/financial_ai_project/code/b3_data/qid/auditoria_qidres/rodada3c_theta.py:61: FutureWarning: DataFrameGroupBy.apply operated on the grouping columns. This behavior is deprecated, and in a future version of pandas the grouping columns will be excluded from the operation. Either pass `include_groups=False` to exclude the groupings or explicitly select the grouping columns after groupby to silence this warning.
  p = p.merge(v.groupby("bloco").apply(lambda x: _wavg(x, f"PI_{h}")).rename(f"AS_{h}").reset_index(),
/home/marchi/financial_ai_project/code/b3_data/qid/auditoria_qidres/rodada3c_theta.py:61: FutureWarning: DataFrameGroupBy.apply operated on the grouping columns. This behavior is deprecated, and in a future version of pandas the grouping columns will be excluded from the operation. Either pass `include_groups=False` to exclude the groupings or explicitly select the grouping columns after groupby to silence this warning.
  p = p.merge(v.groupby("bloco").apply(lambda x: _wavg(x, f"PI_{h}")).rename(f"AS_{h}").reset_index(),
/home/marchi/financial_ai_project/code/b3_data/qid/auditoria_qidres/rodada3c_theta.py:61: FutureWarning: DataFrameGroupBy.apply operated on the grouping columns. This behavior is deprecated, and in a future version of pandas the grouping columns will be excluded from the operation. Either pass `include_groups=False` to exclude the groupings or explicitly select the grouping columns after groupby to silence this warning.
  p = p.merge(v.groupby("bloco").apply(lambda x: _wavg(x, f"PI_{h}")).rename(f"AS_{h}").reset_index(),
/home/marchi/financial_ai_project/code/b3_data/qid/auditoria_qidres/rodada3c_theta.py:61: FutureWarning: DataFrameGroupBy.apply operated on the grouping columns. This behavior is deprecated, and in a future version of pandas the grouping columns will be excluded from the operation. Either pass `include_groups=False` to exclude the groupings or explicitly select the grouping columns after groupby to silence this warning.
  p = p.merge(v.groupby("bloco").apply(lambda x: _wavg(x, f"PI_{h}")).rename(f"AS_{h}").reset_index(),
/home/marchi/financial_ai_project/code/b3_data/qid/auditoria_qidres/rodada3c_theta.py:61: FutureWarning: DataFrameGroupBy.apply operated on the grouping columns. This behavior is deprecated, and in a future version of pandas the grouping columns will be excluded from the operation. Either pass `include_groups=False` to exclude the groupings or explicitly select the grouping columns after groupby to silence this warning.
  p = p.merge(v.groupby("bloco").apply(lambda x: _wavg(x, f"PI_{h}")).rename(f"AS_{h}").reset_index(),
/home/marchi/financial_ai_project/code/b3_data/qid/auditoria_qidres/rodada3c_theta.py:61: FutureWarning: DataFrameGroupBy.apply operated on the grouping columns. This behavior is deprecated, and in a future version of pandas the grouping columns will be excluded from the operation. Either pass `include_groups=False` to exclude the groupings or explicitly select the grouping columns after groupby to silence this warning.
  p = p.merge(v.groupby("bloco").apply(lambda x: _wavg(x, f"PI_{h}")).rename(f"AS_{h}").reset_index(),
/home/marchi/financial_ai_project/code/b3_data/qid/auditoria_qidres/rodada3c_theta.py:61: FutureWarning: DataFrameGroupBy.apply operated on the grouping columns. This behavior is deprecated, and in a future version of pandas the grouping columns will be excluded from the operation. Either pass `include_groups=False` to exclude the groupings or explicitly select the grouping columns after groupby to silence this warning.
  p = p.merge(v.groupby("bloco").apply(lambda x: _wavg(x, f"PI_{h}")).rename(f"AS_{h}").reset_index(),
/home/marchi/financial_ai_project/code/b3_data/qid/auditoria_qidres/rodada3c_theta.py:61: FutureWarning: DataFrameGroupBy.apply operated on the grouping columns. This behavior is deprecated, and in a future version of pandas the grouping columns will be excluded from the operation. Either pass `include_groups=False` to exclude the groupings or explicitly select the grouping columns after groupby to silence this warning.
  p = p.merge(v.groupby("bloco").apply(lambda x: _wavg(x, f"PI_{h}")).rename(f"AS_{h}").reset_index(),
/home/marchi/financial_ai_project/code/b3_data/qid/auditoria_qidres/rodada3c_theta.py:61: FutureWarning: DataFrameGroupBy.apply operated on the grouping columns. This behavior is deprecated, and in a future version of pandas the grouping columns will be excluded from the operation. Either pass `include_groups=False` to exclude the groupings or explicitly select the grouping columns after groupby to silence this warning.
  p = p.merge(v.groupby("bloco").apply(lambda x: _wavg(x, f"PI_{h}")).rename(f"AS_{h}").reset_index(),
/home/marchi/financial_ai_project/code/b3_data/qid/auditoria_qidres/rodada3c_theta.py:61: FutureWarning: DataFrameGroupBy.apply operated on the grouping columns. This behavior is deprecated, and in a future version of pandas the grouping columns will be excluded from the operation. Either pass `include_groups=False` to exclude the groupings or explicitly select the grouping columns after groupby to silence this warning.
  p = p.merge(v.groupby("bloco").apply(lambda x: _wavg(x, f"PI_{h}")).rename(f"AS_{h}").reset_index(),
/home/marchi/financial_ai_project/code/b3_data/qid/auditoria_qidres/rodada3c_theta.py:61: FutureWarning: DataFrameGroupBy.apply operated on the grouping columns. This behavior is deprecated, and in a future version of pandas the grouping columns will be excluded from the operation. Either pass `include_groups=False` to exclude the groupings or explicitly select the grouping columns after groupby to silence this warning.
  p = p.merge(v.groupby("bloco").apply(lambda x: _wavg(x, f"PI_{h}")).rename(f"AS_{h}").reset_index(),
/home/marchi/financial_ai_project/code/b3_data/qid/auditoria_qidres/rodada3c_theta.py:61: FutureWarning: DataFrameGroupBy.apply operated on the grouping columns. This behavior is deprecated, and in a future version of pandas the grouping columns will be excluded from the operation. Either pass `include_groups=False` to exclude the groupings or explicitly select the grouping columns after groupby to silence this warning.
  p = p.merge(v.groupby("bloco").apply(lambda x: _wavg(x, f"PI_{h}")).rename(f"AS_{h}").reset_index(),
/home/marchi/financial_ai_project/code/b3_data/qid/auditoria_qidres/rodada3c_theta.py:61: FutureWarning: DataFrameGroupBy.apply operated on the grouping columns. This behavior is deprecated, and in a future version of pandas the grouping columns will be excluded from the operation. Either pass `include_groups=False` to exclude the groupings or explicitly select the grouping columns after groupby to silence this warning.
  p = p.merge(v.groupby("bloco").apply(lambda x: _wavg(x, f"PI_{h}")).rename(f"AS_{h}").reset_index(),
/home/marchi/financial_ai_project/code/b3_data/qid/auditoria_qidres/rodada3c_theta.py:61: FutureWarning: DataFrameGroupBy.apply operated on the grouping columns. This behavior is deprecated, and in a future version of pandas the grouping columns will be excluded from the operation. Either pass `include_groups=False` to exclude the groupings or explicitly select the grouping columns after groupby to silence this warning.
  p = p.merge(v.groupby("bloco").apply(lambda x: _wavg(x, f"PI_{h}")).rename(f"AS_{h}").reset_index(),
/home/marchi/financial_ai_project/code/b3_data/qid/auditoria_qidres/rodada3c_theta.py:61: FutureWarning: DataFrameGroupBy.apply operated on the grouping columns. This behavior is deprecated, and in a future version of pandas the grouping columns will be excluded from the operation. Either pass `include_groups=False` to exclude the groupings or explicitly select the grouping columns after groupby to silence this warning.
  p = p.merge(v.groupby("bloco").apply(lambda x: _wavg(x, f"PI_{h}")).rename(f"AS_{h}").reset_index(),
/home/marchi/financial_ai_project/code/b3_data/qid/auditoria_qidres/rodada3c_theta.py:61: FutureWarning: DataFrameGroupBy.apply operated on the grouping columns. This behavior is deprecated, and in a future version of pandas the grouping columns will be excluded from the operation. Either pass `include_groups=False` to exclude the groupings or explicitly select the grouping columns after groupby to silence this warning.
  p = p.merge(v.groupby("bloco").apply(lambda x: _wavg(x, f"PI_{h}")).rename(f"AS_{h}").reset_index(),
/home/marchi/financial_ai_project/code/b3_data/qid/auditoria_qidres/rodada3c_theta.py:61: FutureWarning: DataFrameGroupBy.apply operated on the grouping columns. This behavior is deprecated, and in a future version of pandas the grouping columns will be excluded from the operation. Either pass `include_groups=False` to exclude the groupings or explicitly select the grouping columns after groupby to silence this warning.
  p = p.merge(v.groupby("bloco").apply(lambda x: _wavg(x, f"PI_{h}")).rename(f"AS_{h}").reset_index(),
/home/marchi/financial_ai_project/code/b3_data/qid/auditoria_qidres/rodada3c_theta.py:61: FutureWarning: DataFrameGroupBy.apply operated on the grouping columns. This behavior is deprecated, and in a future version of pandas the grouping columns will be excluded from the operation. Either pass `include_groups=False` to exclude the groupings or explicitly select the grouping columns after groupby to silence this warning.
  p = p.merge(v.groupby("bloco").apply(lambda x: _wavg(x, f"PI_{h}")).rename(f"AS_{h}").reset_index(),
/home/marchi/financial_ai_project/code/b3_data/qid/auditoria_qidres/rodada3c_theta.py:61: FutureWarning: DataFrameGroupBy.apply operated on the grouping columns. This behavior is deprecated, and in a future version of pandas the grouping columns will be excluded from the operation. Either pass `include_groups=False` to exclude the groupings or explicitly select the grouping columns after groupby to silence this warning.
  p = p.merge(v.groupby("bloco").apply(lambda x: _wavg(x, f"PI_{h}")).rename(f"AS_{h}").reset_index(),
/home/marchi/financial_ai_project/code/b3_data/qid/auditoria_qidres/rodada3c_theta.py:61: FutureWarning: DataFrameGroupBy.apply operated on the grouping columns. This behavior is deprecated, and in a future version of pandas the grouping columns will be excluded from the operation. Either pass `include_groups=False` to exclude the groupings or explicitly select the grouping columns after groupby to silence this warning.
  p = p.merge(v.groupby("bloco").apply(lambda x: _wavg(x, f"PI_{h}")).rename(f"AS_{h}").reset_index(),
/home/marchi/financial_ai_project/code/b3_data/qid/auditoria_qidres/rodada3c_theta.py:61: FutureWarning: DataFrameGroupBy.apply operated on the grouping columns. This behavior is deprecated, and in a future version of pandas the grouping columns will be excluded from the operation. Either pass `include_groups=False` to exclude the groupings or explicitly select the grouping columns after groupby to silence this warning.
  p = p.merge(v.groupby("bloco").apply(lambda x: _wavg(x, f"PI_{h}")).rename(f"AS_{h}").reset_index(),
/home/marchi/financial_ai_project/code/b3_data/qid/auditoria_qidres/rodada3c_theta.py:61: FutureWarning: DataFrameGroupBy.apply operated on the grouping columns. This behavior is deprecated, and in a future version of pandas the grouping columns will be excluded from the operation. Either pass `include_groups=False` to exclude the groupings or explicitly select the grouping columns after groupby to silence this warning.
  p = p.merge(v.groupby("bloco").apply(lambda x: _wavg(x, f"PI_{h}")).rename(f"AS_{h}").reset_index(),
/home/marchi/financial_ai_project/code/b3_data/qid/auditoria_qidres/rodada3c_theta.py:61: FutureWarning: DataFrameGroupBy.apply operated on the grouping columns. This behavior is deprecated, and in a future version of pandas the grouping columns will be excluded from the operation. Either pass `include_groups=False` to exclude the groupings or explicitly select the grouping columns after groupby to silence this warning.
  p = p.merge(v.groupby("bloco").apply(lambda x: _wavg(x, f"PI_{h}")).rename(f"AS_{h}").reset_index(),
/home/marchi/financial_ai_project/code/b3_data/qid/auditoria_qidres/rodada3c_theta.py:61: FutureWarning: DataFrameGroupBy.apply operated on the grouping columns. This behavior is deprecated, and in a future version of pandas the grouping columns will be excluded from the operation. Either pass `include_groups=False` to exclude the groupings or explicitly select the grouping columns after groupby to silence this warning.
  p = p.merge(v.groupby("bloco").apply(lambda x: _wavg(x, f"PI_{h}")).rename(f"AS_{h}").reset_index(),
/home/marchi/financial_ai_project/code/b3_data/qid/auditoria_qidres/rodada3c_theta.py:61: FutureWarning: DataFrameGroupBy.apply operated on the grouping columns. This behavior is deprecated, and in a future version of pandas the grouping columns will be excluded from the operation. Either pass `include_groups=False` to exclude the groupings or explicitly select the grouping columns after groupby to silence this warning.
  p = p.merge(v.groupby("bloco").apply(lambda x: _wavg(x, f"PI_{h}")).rename(f"AS_{h}").reset_index(),
/home/marchi/financial_ai_project/code/b3_data/qid/auditoria_qidres/rodada3c_theta.py:61: FutureWarning: DataFrameGroupBy.apply operated on the grouping columns. This behavior is deprecated, and in a future version of pandas the grouping columns will be excluded from the operation. Either pass `include_groups=False` to exclude the groupings or explicitly select the grouping columns after groupby to silence this warning.
  p = p.merge(v.groupby("bloco").apply(lambda x: _wavg(x, f"PI_{h}")).rename(f"AS_{h}").reset_index(),
/home/marchi/financial_ai_project/code/b3_data/qid/auditoria_qidres/rodada3c_theta.py:61: FutureWarning: DataFrameGroupBy.apply operated on the grouping columns. This behavior is deprecated, and in a future version of pandas the grouping columns will be excluded from the operation. Either pass `include_groups=False` to exclude the groupings or explicitly select the grouping columns after groupby to silence this warning.
  p = p.merge(v.groupby("bloco").apply(lambda x: _wavg(x, f"PI_{h}")).rename(f"AS_{h}").reset_index(),
/home/marchi/financial_ai_project/code/b3_data/qid/auditoria_qidres/rodada3c_theta.py:61: FutureWarning: DataFrameGroupBy.apply operated on the grouping columns. This behavior is deprecated, and in a future version of pandas the grouping columns will be excluded from the operation. Either pass `include_groups=False` to exclude the groupings or explicitly select the grouping columns after groupby to silence this warning.
  p = p.merge(v.groupby("bloco").apply(lambda x: _wavg(x, f"PI_{h}")).rename(f"AS_{h}").reset_index(),
/home/marchi/financial_ai_project/code/b3_data/qid/auditoria_qidres/rodada3c_theta.py:61: FutureWarning: DataFrameGroupBy.apply operated on the grouping columns. This behavior is deprecated, and in a future version of pandas the grouping columns will be excluded from the operation. Either pass `include_groups=False` to exclude the groupings or explicitly select the grouping columns after groupby to silence this warning.
  p = p.merge(v.groupby("bloco").apply(lambda x: _wavg(x, f"PI_{h}")).rename(f"AS_{h}").reset_index(),
/home/marchi/financial_ai_project/code/b3_data/qid/auditoria_qidres/rodada3c_theta.py:61: FutureWarning: DataFrameGroupBy.apply operated on the grouping columns. This behavior is deprecated, and in a future version of pandas the grouping columns will be excluded from the operation. Either pass `include_groups=False` to exclude the groupings or explicitly select the grouping columns after groupby to silence this warning.
  p = p.merge(v.groupby("bloco").apply(lambda x: _wavg(x, f"PI_{h}")).rename(f"AS_{h}").reset_index(),
/home/marchi/financial_ai_project/code/b3_data/qid/auditoria_qidres/rodada3c_theta.py:61: FutureWarning: DataFrameGroupBy.apply operated on the grouping columns. This behavior is deprecated, and in a future version of pandas the grouping columns will be excluded from the operation. Either pass `include_groups=False` to exclude the groupings or explicitly select the grouping columns after groupby to silence this warning.
  p = p.merge(v.groupby("bloco").apply(lambda x: _wavg(x, f"PI_{h}")).rename(f"AS_{h}").reset_index(),
/home/marchi/financial_ai_project/code/b3_data/qid/auditoria_qidres/rodada3c_theta.py:61: FutureWarning: DataFrameGroupBy.apply operated on the grouping columns. This behavior is deprecated, and in a future version of pandas the grouping columns will be excluded from the operation. Either pass `include_groups=False` to exclude the groupings or explicitly select the grouping columns after groupby to silence this warning.
  p = p.merge(v.groupby("bloco").apply(lambda x: _wavg(x, f"PI_{h}")).rename(f"AS_{h}").reset_index(),
/home/marchi/financial_ai_project/code/b3_data/qid/auditoria_qidres/rodada3c_theta.py:61: FutureWarning: DataFrameGroupBy.apply operated on the grouping columns. This behavior is deprecated, and in a future version of pandas the grouping columns will be excluded from the operation. Either pass `include_groups=False` to exclude the groupings or explicitly select the grouping columns after groupby to silence this warning.
  p = p.merge(v.groupby("bloco").apply(lambda x: _wavg(x, f"PI_{h}")).rename(f"AS_{h}").reset_index(),
/home/marchi/financial_ai_project/code/b3_data/qid/auditoria_qidres/rodada3c_theta.py:61: FutureWarning: DataFrameGroupBy.apply operated on the grouping columns. This behavior is deprecated, and in a future version of pandas the grouping columns will be excluded from the operation. Either pass `include_groups=False` to exclude the groupings or explicitly select the grouping columns after groupby to silence this warning.
  p = p.merge(v.groupby("bloco").apply(lambda x: _wavg(x, f"PI_{h}")).rename(f"AS_{h}").reset_index(),
/home/marchi/financial_ai_project/code/b3_data/qid/auditoria_qidres/rodada3c_theta.py:61: FutureWarning: DataFrameGroupBy.apply operated on the grouping columns. This behavior is deprecated, and in a future version of pandas the grouping columns will be excluded from the operation. Either pass `include_groups=False` to exclude the groupings or explicitly select the grouping columns after groupby to silence this warning.
  p = p.merge(v.groupby("bloco").apply(lambda x: _wavg(x, f"PI_{h}")).rename(f"AS_{h}").reset_index(),
/home/marchi/financial_ai_project/code/b3_data/qid/auditoria_qidres/rodada3c_theta.py:61: FutureWarning: DataFrameGroupBy.apply operated on the grouping columns. This behavior is deprecated, and in a future version of pandas the grouping columns will be excluded from the operation. Either pass `include_groups=False` to exclude the groupings or explicitly select the grouping columns after groupby to silence this warning.
  p = p.merge(v.groupby("bloco").apply(lambda x: _wavg(x, f"PI_{h}")).rename(f"AS_{h}").reset_index(),
/home/marchi/financial_ai_project/code/b3_data/qid/auditoria_qidres/rodada3c_theta.py:61: FutureWarning: DataFrameGroupBy.apply operated on the grouping columns. This behavior is deprecated, and in a future version of pandas the grouping columns will be excluded from the operation. Either pass `include_groups=False` to exclude the groupings or explicitly select the grouping columns after groupby to silence this warning.
  p = p.merge(v.groupby("bloco").apply(lambda x: _wavg(x, f"PI_{h}")).rename(f"AS_{h}").reset_index(),
/home/marchi/financial_ai_project/code/b3_data/qid/auditoria_qidres/rodada3c_theta.py:61: FutureWarning: DataFrameGroupBy.apply operated on the grouping columns. This behavior is deprecated, and in a future version of pandas the grouping columns will be excluded from the operation. Either pass `include_groups=False` to exclude the groupings or explicitly select the grouping columns after groupby to silence this warning.
  p = p.merge(v.groupby("bloco").apply(lambda x: _wavg(x, f"PI_{h}")).rename(f"AS_{h}").reset_index(),
/home/marchi/financial_ai_project/code/b3_data/qid/auditoria_qidres/rodada3c_theta.py:61: FutureWarning: DataFrameGroupBy.apply operated on the grouping columns. This behavior is deprecated, and in a future version of pandas the grouping columns will be excluded from the operation. Either pass `include_groups=False` to exclude the groupings or explicitly select the grouping columns after groupby to silence this warning.
  p = p.merge(v.groupby("bloco").apply(lambda x: _wavg(x, f"PI_{h}")).rename(f"AS_{h}").reset_index(),
/home/marchi/financial_ai_project/code/b3_data/qid/auditoria_qidres/rodada3c_theta.py:61: FutureWarning: DataFrameGroupBy.apply operated on the grouping columns. This behavior is deprecated, and in a future version of pandas the grouping columns will be excluded from the operation. Either pass `include_groups=False` to exclude the groupings or explicitly select the grouping columns after groupby to silence this warning.
  p = p.merge(v.groupby("bloco").apply(lambda x: _wavg(x, f"PI_{h}")).rename(f"AS_{h}").reset_index(),
/home/marchi/financial_ai_project/code/b3_data/qid/auditoria_qidres/rodada3c_theta.py:61: FutureWarning: DataFrameGroupBy.apply operated on the grouping columns. This behavior is deprecated, and in a future version of pandas the grouping columns will be excluded from the operation. Either pass `include_groups=False` to exclude the groupings or explicitly select the grouping columns after groupby to silence this warning.
  p = p.merge(v.groupby("bloco").apply(lambda x: _wavg(x, f"PI_{h}")).rename(f"AS_{h}").reset_index(),
/home/marchi/financial_ai_project/code/b3_data/qid/auditoria_qidres/rodada3c_theta.py:61: FutureWarning: DataFrameGroupBy.apply operated on the grouping columns. This behavior is deprecated, and in a future version of pandas the grouping columns will be excluded from the operation. Either pass `include_groups=False` to exclude the groupings or explicitly select the grouping columns after groupby to silence this warning.
  p = p.merge(v.groupby("bloco").apply(lambda x: _wavg(x, f"PI_{h}")).rename(f"AS_{h}").reset_index(),
/home/marchi/financial_ai_project/code/b3_data/qid/auditoria_qidres/rodada3c_theta.py:61: FutureWarning: DataFrameGroupBy.apply operated on the grouping columns. This behavior is deprecated, and in a future version of pandas the grouping columns will be excluded from the operation. Either pass `include_groups=False` to exclude the groupings or explicitly select the grouping columns after groupby to silence this warning.
  p = p.merge(v.groupby("bloco").apply(lambda x: _wavg(x, f"PI_{h}")).rename(f"AS_{h}").reset_index(),
/home/marchi/financial_ai_project/code/b3_data/qid/auditoria_qidres/rodada3c_theta.py:61: FutureWarning: DataFrameGroupBy.apply operated on the grouping columns. This behavior is deprecated, and in a future version of pandas the grouping columns will be excluded from the operation. Either pass `include_groups=False` to exclude the groupings or explicitly select the grouping columns after groupby to silence this warning.
  p = p.merge(v.groupby("bloco").apply(lambda x: _wavg(x, f"PI_{h}")).rename(f"AS_{h}").reset_index(),
/home/marchi/financial_ai_project/code/b3_data/qid/auditoria_qidres/rodada3c_theta.py:61: FutureWarning: DataFrameGroupBy.apply operated on the grouping columns. This behavior is deprecated, and in a future version of pandas the grouping columns will be excluded from the operation. Either pass `include_groups=False` to exclude the groupings or explicitly select the grouping columns after groupby to silence this warning.
  p = p.merge(v.groupby("bloco").apply(lambda x: _wavg(x, f"PI_{h}")).rename(f"AS_{h}").reset_index(),
/home/marchi/financial_ai_project/code/b3_data/qid/auditoria_qidres/rodada3c_theta.py:61: FutureWarning: DataFrameGroupBy.apply operated on the grouping columns. This behavior is deprecated, and in a future version of pandas the grouping columns will be excluded from the operation. Either pass `include_groups=False` to exclude the groupings or explicitly select the grouping columns after groupby to silence this warning.
  p = p.merge(v.groupby("bloco").apply(lambda x: _wavg(x, f"PI_{h}")).rename(f"AS_{h}").reset_index(),
/home/marchi/financial_ai_project/code/b3_data/qid/auditoria_qidres/rodada3c_theta.py:61: FutureWarning: DataFrameGroupBy.apply operated on the grouping columns. This behavior is deprecated, and in a future version of pandas the grouping columns will be excluded from the operation. Either pass `include_groups=False` to exclude the groupings or explicitly select the grouping columns after groupby to silence this warning.
  p = p.merge(v.groupby("bloco").apply(lambda x: _wavg(x, f"PI_{h}")).rename(f"AS_{h}").reset_index(),
/home/marchi/financial_ai_project/code/b3_data/qid/auditoria_qidres/rodada3c_theta.py:61: FutureWarning: DataFrameGroupBy.apply operated on the grouping columns. This behavior is deprecated, and in a future version of pandas the grouping columns will be excluded from the operation. Either pass `include_groups=False` to exclude the groupings or explicitly select the grouping columns after groupby to silence this warning.
  p = p.merge(v.groupby("bloco").apply(lambda x: _wavg(x, f"PI_{h}")).rename(f"AS_{h}").reset_index(),
/home/marchi/financial_ai_project/code/b3_data/qid/auditoria_qidres/rodada3c_theta.py:61: FutureWarning: DataFrameGroupBy.apply operated on the grouping columns. This behavior is deprecated, and in a future version of pandas the grouping columns will be excluded from the operation. Either pass `include_groups=False` to exclude the groupings or explicitly select the grouping columns after groupby to silence this warning.
  p = p.merge(v.groupby("bloco").apply(lambda x: _wavg(x, f"PI_{h}")).rename(f"AS_{h}").reset_index(),
/home/marchi/financial_ai_project/code/b3_data/qid/auditoria_qidres/rodada3c_theta.py:61: FutureWarning: DataFrameGroupBy.apply operated on the grouping columns. This behavior is deprecated, and in a future version of pandas the grouping columns will be excluded from the operation. Either pass `include_groups=False` to exclude the groupings or explicitly select the grouping columns after groupby to silence this warning.
  p = p.merge(v.groupby("bloco").apply(lambda x: _wavg(x, f"PI_{h}")).rename(f"AS_{h}").reset_index(),
/home/marchi/financial_ai_project/code/b3_data/qid/auditoria_qidres/rodada3c_theta.py:61: FutureWarning: DataFrameGroupBy.apply operated on the grouping columns. This behavior is deprecated, and in a future version of pandas the grouping columns will be excluded from the operation. Either pass `include_groups=False` to exclude the groupings or explicitly select the grouping columns after groupby to silence this warning.
  p = p.merge(v.groupby("bloco").apply(lambda x: _wavg(x, f"PI_{h}")).rename(f"AS_{h}").reset_index(),
/home/marchi/financial_ai_project/code/b3_data/qid/auditoria_qidres/rodada3c_theta.py:61: FutureWarning: DataFrameGroupBy.apply operated on the grouping columns. This behavior is deprecated, and in a future version of pandas the grouping columns will be excluded from the operation. Either pass `include_groups=False` to exclude the groupings or explicitly select the grouping columns after groupby to silence this warning.
  p = p.merge(v.groupby("bloco").apply(lambda x: _wavg(x, f"PI_{h}")).rename(f"AS_{h}").reset_index(),
/home/marchi/financial_ai_project/code/b3_data/qid/auditoria_qidres/rodada3c_theta.py:61: FutureWarning: DataFrameGroupBy.apply operated on the grouping columns. This behavior is deprecated, and in a future version of pandas the grouping columns will be excluded from the operation. Either pass `include_groups=False` to exclude the groupings or explicitly select the grouping columns after groupby to silence this warning.
  p = p.merge(v.groupby("bloco").apply(lambda x: _wavg(x, f"PI_{h}")).rename(f"AS_{h}").reset_index(),
/home/marchi/financial_ai_project/code/b3_data/qid/auditoria_qidres/rodada3c_theta.py:61: FutureWarning: DataFrameGroupBy.apply operated on the grouping columns. This behavior is deprecated, and in a future version of pandas the grouping columns will be excluded from the operation. Either pass `include_groups=False` to exclude the groupings or explicitly select the grouping columns after groupby to silence this warning.
  p = p.merge(v.groupby("bloco").apply(lambda x: _wavg(x, f"PI_{h}")).rename(f"AS_{h}").reset_index(),
/home/marchi/financial_ai_project/code/b3_data/qid/auditoria_qidres/rodada3c_theta.py:61: FutureWarning: DataFrameGroupBy.apply operated on the grouping columns. This behavior is deprecated, and in a future version of pandas the grouping columns will be excluded from the operation. Either pass `include_groups=False` to exclude the groupings or explicitly select the grouping columns after groupby to silence this warning.
  p = p.merge(v.groupby("bloco").apply(lambda x: _wavg(x, f"PI_{h}")).rename(f"AS_{h}").reset_index(),
/home/marchi/financial_ai_project/code/b3_data/qid/auditoria_qidres/rodada3c_theta.py:61: FutureWarning: DataFrameGroupBy.apply operated on the grouping columns. This behavior is deprecated, and in a future version of pandas the grouping columns will be excluded from the operation. Either pass `include_groups=False` to exclude the groupings or explicitly select the grouping columns after groupby to silence this warning.
  p = p.merge(v.groupby("bloco").apply(lambda x: _wavg(x, f"PI_{h}")).rename(f"AS_{h}").reset_index(),
/home/marchi/financial_ai_project/code/b3_data/qid/auditoria_qidres/rodada3c_theta.py:61: FutureWarning: DataFrameGroupBy.apply operated on the grouping columns. This behavior is deprecated, and in a future version of pandas the grouping columns will be excluded from the operation. Either pass `include_groups=False` to exclude the groupings or explicitly select the grouping columns after groupby to silence this warning.
  p = p.merge(v.groupby("bloco").apply(lambda x: _wavg(x, f"PI_{h}")).rename(f"AS_{h}").reset_index(),
/home/marchi/financial_ai_project/code/b3_data/qid/auditoria_qidres/rodada3c_theta.py:61: FutureWarning: DataFrameGroupBy.apply operated on the grouping columns. This behavior is deprecated, and in a future version of pandas the grouping columns will be excluded from the operation. Either pass `include_groups=False` to exclude the groupings or explicitly select the grouping columns after groupby to silence this warning.
  p = p.merge(v.groupby("bloco").apply(lambda x: _wavg(x, f"PI_{h}")).rename(f"AS_{h}").reset_index(),
/home/marchi/financial_ai_project/code/b3_data/qid/auditoria_qidres/rodada3c_theta.py:61: FutureWarning: DataFrameGroupBy.apply operated on the grouping columns. This behavior is deprecated, and in a future version of pandas the grouping columns will be excluded from the operation. Either pass `include_groups=False` to exclude the groupings or explicitly select the grouping columns after groupby to silence this warning.
  p = p.merge(v.groupby("bloco").apply(lambda x: _wavg(x, f"PI_{h}")).rename(f"AS_{h}").reset_index(),
/home/marchi/financial_ai_project/code/b3_data/qid/auditoria_qidres/rodada3c_theta.py:61: FutureWarning: DataFrameGroupBy.apply operated on the grouping columns. This behavior is deprecated, and in a future version of pandas the grouping columns will be excluded from the operation. Either pass `include_groups=False` to exclude the groupings or explicitly select the grouping columns after groupby to silence this warning.
  p = p.merge(v.groupby("bloco").apply(lambda x: _wavg(x, f"PI_{h}")).rename(f"AS_{h}").reset_index(),
id  bloco_min  h_s       theta                          equacao  N_blocos  n_sessoes          coef  estimativa  ic95_webb_inf  ic95_webb_sup  ic95_hac_inf  ic95_hac_sup  partial_R2  partial_R2_reacao  dif_reacao_menos_frente  dif_ic95_inf  dif_ic95_sup  beta_E3_mesma_celula beta_E3_ic95_webb
E4          5   30 θ (bid+ask)                      para frente      1243         12         β θ_t     -0.0490        -0.1034         0.0044       -0.1065        0.0085      0.0023             0.0035                   0.0012       -0.0047        0.0114               -0.0541  [-0.107, -0.002]
E4          5   30 θ (bid+ask)                           reação      1230         12      λ0 |r_t|     -0.0350        -0.0980         0.0279       -0.1101        0.0401      0.0035                NaN                      NaN           NaN           NaN                   NaN               NaN
E4          5   30 θ (bid+ask)                           reação      1230         12  λ1 |r_{t−1}|     -0.0269        -0.0640         0.0100       -0.0663        0.0125      0.0035                NaN                      NaN           NaN           NaN                   NaN               NaN
E4          5   30 θ (bid+ask)                           reação      1230         12   λ2 AS_{t−1}      0.0018        -0.0406         0.0441       -0.0404        0.0439      0.0035                NaN                      NaN           NaN           NaN                   NaN               NaN
E4          5   30 θ (bid+ask)                           reação      1230         12 λ3 qvol_{t−1}      0.0364         0.0016         0.0709       -0.0067        0.0795      0.0035                NaN                      NaN           NaN           NaN                   NaN               NaN
E4          5   30   θ^B (bid) reação (secundário, r com sinal)      1230         12        λ0 r_t     -0.1099        -0.1427        -0.0766       -0.1455       -0.0743      0.0199                NaN                      NaN           NaN           NaN                   NaN               NaN
E4          5   30   θ^B (bid) reação (secundário, r com sinal)      1230         12    λ1 r_{t−1}      0.0173        -0.0150         0.0491       -0.0161        0.0506      0.0199                NaN                      NaN           NaN           NaN                   NaN               NaN
E4          5   30   θ^B (bid) reação (secundário, r com sinal)      1230         12   λ2 AS_{t−1}     -0.0026        -0.0475         0.0426       -0.0493        0.0440      0.0199                NaN                      NaN           NaN           NaN                   NaN               NaN
E4          5   30   θ^B (bid) reação (secundário, r com sinal)      1230         12 λ3 qvol_{t−1}      0.0309        -0.0157         0.0767       -0.0169        0.0786      0.0199                NaN                      NaN           NaN           NaN                   NaN               NaN
E4          5   30   θ^A (ask) reação (secundário, r com sinal)      1230         12        λ0 r_t      0.0275        -0.0109         0.0666       -0.0277        0.0826      0.0060                NaN                      NaN           NaN           NaN                   NaN               NaN
E4          5   30   θ^A (ask) reação (secundário, r com sinal)      1230         12    λ1 r_{t−1}     -0.0496        -0.0759        -0.0238       -0.0853       -0.0139      0.0060                NaN                      NaN           NaN           NaN                   NaN               NaN
E4          5   30   θ^A (ask) reação (secundário, r com sinal)      1230         12   λ2 AS_{t−1}     -0.0058        -0.0473         0.0355       -0.0480        0.0365      0.0060                NaN                      NaN           NaN           NaN                   NaN               NaN
E4          5   30   θ^A (ask) reação (secundário, r com sinal)      1230         12 λ3 qvol_{t−1}      0.0331        -0.0016         0.0675       -0.0119        0.0782      0.0060                NaN                      NaN           NaN           NaN                   NaN               NaN
E4          5   60 θ (bid+ask)                      para frente      1243         12         β θ_t     -0.0631        -0.1329         0.0045       -0.1227       -0.0034      0.0037             0.0035                  -0.0002       -0.0108        0.0120               -0.0678  [-0.133, -0.002]
E4          5   60 θ (bid+ask)                           reação      1230         12      λ0 |r_t|     -0.0353        -0.0970         0.0284       -0.1103        0.0397      0.0035                NaN                      NaN           NaN           NaN                   NaN               NaN
E4          5   60 θ (bid+ask)                           reação      1230         12  λ1 |r_{t−1}|     -0.0253        -0.0771         0.0255       -0.0693        0.0187      0.0035                NaN                      NaN           NaN           NaN                   NaN               NaN
E4          5   60 θ (bid+ask)                           reação      1230         12   λ2 AS_{t−1}     -0.0017        -0.0576         0.0528       -0.0432        0.0398      0.0035                NaN                      NaN           NaN           NaN                   NaN               NaN
E4          5   60 θ (bid+ask)                           reação      1230         12 λ3 qvol_{t−1}      0.0373         0.0075         0.0675       -0.0032        0.0778      0.0035                NaN                      NaN           NaN           NaN                   NaN               NaN
E4          5   60   θ^B (bid) reação (secundário, r com sinal)      1230         12        λ0 r_t     -0.1098        -0.1425        -0.0778       -0.1453       -0.0743      0.0199                NaN                      NaN           NaN           NaN                   NaN               NaN
E4          5   60   θ^B (bid) reação (secundário, r com sinal)      1230         12    λ1 r_{t−1}      0.0171        -0.0162         0.0501       -0.0165        0.0506      0.0199                NaN                      NaN           NaN           NaN                   NaN               NaN
E4          5   60   θ^B (bid) reação (secundário, r com sinal)      1230         12   λ2 AS_{t−1}     -0.0065        -0.0572         0.0439       -0.0476        0.0345      0.0199                NaN                      NaN           NaN           NaN                   NaN               NaN
E4          5   60   θ^B (bid) reação (secundário, r com sinal)      1230         12 λ3 qvol_{t−1}      0.0317        -0.0109         0.0741       -0.0135        0.0768      0.0199                NaN                      NaN           NaN           NaN                   NaN               NaN
E4          5   60   θ^A (ask) reação (secundário, r com sinal)      1230         12        λ0 r_t      0.0279        -0.0104         0.0656       -0.0268        0.0826      0.0064                NaN                      NaN           NaN           NaN                   NaN               NaN
E4          5   60   θ^A (ask) reação (secundário, r com sinal)      1230         12    λ1 r_{t−1}     -0.0500        -0.0764        -0.0235       -0.0855       -0.0145      0.0064                NaN                      NaN           NaN           NaN                   NaN               NaN
E4          5   60   θ^A (ask) reação (secundário, r com sinal)      1230         12   λ2 AS_{t−1}     -0.0186        -0.0543         0.0170       -0.0562        0.0190      0.0064                NaN                      NaN           NaN           NaN                   NaN               NaN
E4          5   60   θ^A (ask) reação (secundário, r com sinal)      1230         12 λ3 qvol_{t−1}      0.0362         0.0027         0.0698       -0.0066        0.0790      0.0064                NaN                      NaN           NaN           NaN                   NaN               NaN
E4         10   30 θ (bid+ask)                      para frente       608         12         β θ_t     -0.0944        -0.1564        -0.0325       -0.1639       -0.0248      0.0084             0.0073                  -0.0011       -0.0173        0.0405               -0.0857  [-0.143, -0.028]
E4         10   30 θ (bid+ask)                           reação       595         12      λ0 |r_t|     -0.0602        -0.1509         0.0297       -0.1710        0.0506      0.0073                NaN                      NaN           NaN           NaN                   NaN               NaN
E4         10   30 θ (bid+ask)                           reação       595         12  λ1 |r_{t−1}|     -0.0316        -0.0760         0.0122       -0.0841        0.0210      0.0073                NaN                      NaN           NaN           NaN                   NaN               NaN
E4         10   30 θ (bid+ask)                           reação       595         12   λ2 AS_{t−1}     -0.0285        -0.0882         0.0310       -0.0927        0.0358      0.0073                NaN                      NaN           NaN           NaN                   NaN               NaN
E4         10   30 θ (bid+ask)                           reação       595         12 λ3 qvol_{t−1}      0.0256        -0.0479         0.0986       -0.0503        0.1015      0.0073                NaN                      NaN           NaN           NaN                   NaN               NaN
E4         10   30   θ^B (bid) reação (secundário, r com sinal)       595         12        λ0 r_t     -0.1084        -0.1727        -0.0435       -0.1798       -0.0371      0.0214                NaN                      NaN           NaN           NaN                   NaN               NaN
E4         10   30   θ^B (bid) reação (secundário, r com sinal)       595         12    λ1 r_{t−1}     -0.0153        -0.0647         0.0358       -0.0735        0.0430      0.0214                NaN                      NaN           NaN           NaN                   NaN               NaN
E4         10   30   θ^B (bid) reação (secundário, r com sinal)       595         12   λ2 AS_{t−1}     -0.0298        -0.0927         0.0335       -0.1089        0.0493      0.0214                NaN                      NaN           NaN           NaN                   NaN               NaN
E4         10   30   θ^B (bid) reação (secundário, r com sinal)       595         12 λ3 qvol_{t−1}      0.0373        -0.0406         0.1160       -0.0452        0.1199      0.0214                NaN                      NaN           NaN           NaN                   NaN               NaN
E4         10   30   θ^A (ask) reação (secundário, r com sinal)       595         12        λ0 r_t      0.0081        -0.0458         0.0630       -0.0629        0.0791      0.0058                NaN                      NaN           NaN           NaN                   NaN               NaN
E4         10   30   θ^A (ask) reação (secundário, r com sinal)       595         12    λ1 r_{t−1}     -0.0433        -0.0930         0.0066       -0.0878        0.0012      0.0058                NaN                      NaN           NaN           NaN                   NaN               NaN
E4         10   30   θ^A (ask) reação (secundário, r com sinal)       595         12   λ2 AS_{t−1}     -0.0314        -0.0995         0.0377       -0.0978        0.0351      0.0058                NaN                      NaN           NaN           NaN                   NaN               NaN
E4         10   30   θ^A (ask) reação (secundário, r com sinal)       595         12 λ3 qvol_{t−1}      0.0131        -0.0682         0.0950       -0.0610        0.0872      0.0058                NaN                      NaN           NaN           NaN                   NaN               NaN
E4         10   60 θ (bid+ask)                      para frente       608         12         β θ_t     -0.0774        -0.1706         0.0172       -0.1552        0.0004      0.0057             0.0074                   0.0017       -0.0235        0.0413               -0.0916  [-0.167, -0.016]
E4         10   60 θ (bid+ask)                           reação       595         12      λ0 |r_t|     -0.0607        -0.1491         0.0291       -0.1714        0.0500      0.0074                NaN                      NaN           NaN           NaN                   NaN               NaN
E4         10   60 θ (bid+ask)                           reação       595         12  λ1 |r_{t−1}|     -0.0290        -0.0750         0.0160       -0.0836        0.0256      0.0074                NaN                      NaN           NaN           NaN                   NaN               NaN
E4         10   60 θ (bid+ask)                           reação       595         12   λ2 AS_{t−1}     -0.0290        -0.0631         0.0045       -0.0800        0.0219      0.0074                NaN                      NaN           NaN           NaN                   NaN               NaN
E4         10   60 θ (bid+ask)                           reação       595         12 λ3 qvol_{t−1}      0.0227        -0.0553         0.1007       -0.0520        0.0974      0.0074                NaN                      NaN           NaN           NaN                   NaN               NaN
E4         10   60   θ^B (bid) reação (secundário, r com sinal)       595         12        λ0 r_t     -0.1088        -0.1738        -0.0459       -0.1799       -0.0376      0.0205                NaN                      NaN           NaN           NaN                   NaN               NaN
E4         10   60   θ^B (bid) reação (secundário, r com sinal)       595         12    λ1 r_{t−1}     -0.0167        -0.0691         0.0336       -0.0753        0.0420      0.0205                NaN                      NaN           NaN           NaN                   NaN               NaN
E4         10   60   θ^B (bid) reação (secundário, r com sinal)       595         12   λ2 AS_{t−1}     -0.0133        -0.0616         0.0335       -0.0698        0.0432      0.0205                NaN                      NaN           NaN           NaN                   NaN               NaN
E4         10   60   θ^B (bid) reação (secundário, r com sinal)       595         12 λ3 qvol_{t−1}      0.0276        -0.0624         0.1197       -0.0552        0.1104      0.0205                NaN                      NaN           NaN           NaN                   NaN               NaN
E4         10   60   θ^A (ask) reação (secundário, r com sinal)       595         12        λ0 r_t      0.0092        -0.0451         0.0629       -0.0623        0.0807      0.0088                NaN                      NaN           NaN           NaN                   NaN               NaN
E4         10   60   θ^A (ask) reação (secundário, r com sinal)       595         12    λ1 r_{t−1}     -0.0424        -0.0912         0.0070       -0.0868        0.0021      0.0088                NaN                      NaN           NaN           NaN                   NaN               NaN
E4         10   60   θ^A (ask) reação (secundário, r com sinal)       595         12   λ2 AS_{t−1}     -0.0522        -0.0900        -0.0138       -0.1047        0.0003      0.0088                NaN                      NaN           NaN           NaN                   NaN               NaN
E4         10   60   θ^A (ask) reação (secundário, r com sinal)       595         12 λ3 qvol_{t−1}      0.0196        -0.0584         0.0982       -0.0512        0.0904      0.0088                NaN                      NaN           NaN           NaN                   NaN               NaN
E4         15   30 θ (bid+ask)                      para frente       381         12         β θ_t     -0.0853        -0.1611        -0.0083       -0.1830        0.0124      0.0069             0.0069                  -0.0001       -0.0137        0.0466               -0.0892  [-0.167, -0.010]
E4         15   30 θ (bid+ask)                           reação       369         12      λ0 |r_t|      0.0456        -0.0204         0.1109       -0.0132        0.1044      0.0069                NaN                      NaN           NaN           NaN                   NaN               NaN
E4         15   30 θ (bid+ask)                           reação       369         12  λ1 |r_{t−1}|      0.0189        -0.0523         0.0897       -0.0714        0.1091      0.0069                NaN                      NaN           NaN           NaN                   NaN               NaN
E4         15   30 θ (bid+ask)                           reação       369         12   λ2 AS_{t−1}      0.0330        -0.0320         0.0978       -0.0472        0.1132      0.0069                NaN                      NaN           NaN           NaN                   NaN               NaN
E4         15   30 θ (bid+ask)                           reação       369         12 λ3 qvol_{t−1}     -0.0465        -0.1839         0.0871       -0.1765        0.0835      0.0069                NaN                      NaN           NaN           NaN                   NaN               NaN
E4         15   30   θ^B (bid) reação (secundário, r com sinal)       369         12        λ0 r_t     -0.0632        -0.1275        -0.0008       -0.1311        0.0046      0.0104                NaN                      NaN           NaN           NaN                   NaN               NaN
E4         15   30   θ^B (bid) reação (secundário, r com sinal)       369         12    λ1 r_{t−1}      0.0152        -0.0503         0.0821       -0.0489        0.0794      0.0104                NaN                      NaN           NaN           NaN                   NaN               NaN
E4         15   30   θ^B (bid) reação (secundário, r com sinal)       369         12   λ2 AS_{t−1}      0.0452        -0.0234         0.1154       -0.0430        0.1335      0.0104                NaN                      NaN           NaN           NaN                   NaN               NaN
E4         15   30   θ^B (bid) reação (secundário, r com sinal)       369         12 λ3 qvol_{t−1}     -0.0262        -0.1609         0.1051       -0.1693        0.1169      0.0104                NaN                      NaN           NaN           NaN                   NaN               NaN
E4         15   30   θ^A (ask) reação (secundário, r com sinal)       369         12        λ0 r_t      0.0322        -0.0188         0.0837       -0.0259        0.0902      0.0083                NaN                      NaN           NaN           NaN                   NaN               NaN
E4         15   30   θ^A (ask) reação (secundário, r com sinal)       369         12    λ1 r_{t−1}      0.0535         0.0023         0.1056       -0.0067        0.1136      0.0083                NaN                      NaN           NaN           NaN                   NaN               NaN
E4         15   30   θ^A (ask) reação (secundário, r com sinal)       369         12   λ2 AS_{t−1}      0.0021        -0.0740         0.0788       -0.0675        0.0717      0.0083                NaN                      NaN           NaN           NaN                   NaN               NaN
E4         15   30   θ^A (ask) reação (secundário, r com sinal)       369         12 λ3 qvol_{t−1}     -0.0476        -0.1942         0.0952       -0.1751        0.0799      0.0083                NaN                      NaN           NaN           NaN                   NaN               NaN
E4         15   60 θ (bid+ask)                      para frente       381         12         β θ_t     -0.0723        -0.1753         0.0298       -0.1713        0.0266      0.0050             0.0078                   0.0028       -0.0152        0.0407               -0.0690   [-0.181, 0.042]
E4         15   60 θ (bid+ask)                           reação       369         12      λ0 |r_t|      0.0427        -0.0215         0.1072       -0.0167        0.1021      0.0078                NaN                      NaN           NaN           NaN                   NaN               NaN
E4         15   60 θ (bid+ask)                           reação       369         12  λ1 |r_{t−1}|      0.0460        -0.0274         0.1182       -0.0456        0.1376      0.0078                NaN                      NaN           NaN           NaN                   NaN               NaN
E4         15   60 θ (bid+ask)                           reação       369         12   λ2 AS_{t−1}     -0.0390        -0.0837         0.0059       -0.1071        0.0292      0.0078                NaN                      NaN           NaN           NaN                   NaN               NaN
E4         15   60 θ (bid+ask)                           reação       369         12 λ3 qvol_{t−1}     -0.0174        -0.1384         0.1043       -0.1316        0.0968      0.0078                NaN                      NaN           NaN           NaN                   NaN               NaN
E4         15   60   θ^B (bid) reação (secundário, r com sinal)       369         12        λ0 r_t     -0.0583        -0.1164         0.0011       -0.1259        0.0093      0.0098                NaN                      NaN           NaN           NaN                   NaN               NaN
E4         15   60   θ^B (bid) reação (secundário, r com sinal)       369         12    λ1 r_{t−1}      0.0232        -0.0375         0.0833       -0.0393        0.0856      0.0098                NaN                      NaN           NaN           NaN                   NaN               NaN
E4         15   60   θ^B (bid) reação (secundário, r com sinal)       369         12   λ2 AS_{t−1}     -0.0373        -0.0930         0.0186       -0.1024        0.0277      0.0098                NaN                      NaN           NaN           NaN                   NaN               NaN
E4         15   60   θ^B (bid) reação (secundário, r com sinal)       369         12 λ3 qvol_{t−1}      0.0148        -0.1014         0.1327       -0.1156        0.1451      0.0098                NaN                      NaN           NaN           NaN                   NaN               NaN
E4         15   60   θ^A (ask) reação (secundário, r com sinal)       369         12        λ0 r_t      0.0353        -0.0154         0.0871       -0.0233        0.0939      0.0098                NaN                      NaN           NaN           NaN                   NaN               NaN
E4         15   60   θ^A (ask) reação (secundário, r com sinal)       369         12    λ1 r_{t−1}      0.0576         0.0075         0.1093       -0.0023        0.1176      0.0098                NaN                      NaN           NaN           NaN                   NaN               NaN
E4         15   60   θ^A (ask) reação (secundário, r com sinal)       369         12   λ2 AS_{t−1}     -0.0299        -0.0874         0.0274       -0.0971        0.0373      0.0098                NaN                      NaN           NaN           NaN                   NaN               NaN
E4         15   60   θ^A (ask) reação (secundário, r com sinal)       369         12 λ3 qvol_{t−1}     -0.0353        -0.1738         0.1054       -0.1532        0.0827      0.0098                NaN                      NaN           NaN           NaN                   NaN               NaN
2026-10-01 18:14:29 FIM E4
